Archive member included to satisfy reference by file (symbol)

/home/diego/intelFPGA_lite/20.1/nios2eds/bin/gnu/H-x86_64-pc-linux-gnu/bin/../lib/gcc/nios2-elf/10.1.1/../../../../../H-x86_64-pc-linux-gnu/nios2-elf/lib/mno-hw-mul/libc.a(lib_a-puts.o)
                              obj/default/hello_world.o (puts)
/home/diego/intelFPGA_lite/20.1/nios2eds/bin/gnu/H-x86_64-pc-linux-gnu/bin/../lib/gcc/nios2-elf/10.1.1/../../../../../H-x86_64-pc-linux-gnu/nios2-elf/lib/mno-hw-mul/libc.a(lib_a-strlen.o)
                              /home/diego/intelFPGA_lite/20.1/nios2eds/bin/gnu/H-x86_64-pc-linux-gnu/bin/../lib/gcc/nios2-elf/10.1.1/../../../../../H-x86_64-pc-linux-gnu/nios2-elf/lib/mno-hw-mul/libc.a(lib_a-puts.o) (strlen)
/home/diego/intelFPGA_lite/20.1/nios2eds/bin/gnu/H-x86_64-pc-linux-gnu/bin/../lib/gcc/nios2-elf/10.1.1/../../../../../H-x86_64-pc-linux-gnu/nios2-elf/lib/mno-hw-mul/libc.a(lib_a-findfp.o)
                              /home/diego/intelFPGA_lite/20.1/nios2eds/bin/gnu/H-x86_64-pc-linux-gnu/bin/../lib/gcc/nios2-elf/10.1.1/../../../../../H-x86_64-pc-linux-gnu/nios2-elf/lib/mno-hw-mul/libc.a(lib_a-puts.o) (__sinit)
/home/diego/intelFPGA_lite/20.1/nios2eds/bin/gnu/H-x86_64-pc-linux-gnu/bin/../lib/gcc/nios2-elf/10.1.1/../../../../../H-x86_64-pc-linux-gnu/nios2-elf/lib/mno-hw-mul/libc.a(lib_a-fvwrite.o)
                              /home/diego/intelFPGA_lite/20.1/nios2eds/bin/gnu/H-x86_64-pc-linux-gnu/bin/../lib/gcc/nios2-elf/10.1.1/../../../../../H-x86_64-pc-linux-gnu/nios2-elf/lib/mno-hw-mul/libc.a(lib_a-puts.o) (__sfvwrite_r)
/home/diego/intelFPGA_lite/20.1/nios2eds/bin/gnu/H-x86_64-pc-linux-gnu/bin/../lib/gcc/nios2-elf/10.1.1/../../../../../H-x86_64-pc-linux-gnu/nios2-elf/lib/mno-hw-mul/libc.a(lib_a-fwalk.o)
                              /home/diego/intelFPGA_lite/20.1/nios2eds/bin/gnu/H-x86_64-pc-linux-gnu/bin/../lib/gcc/nios2-elf/10.1.1/../../../../../H-x86_64-pc-linux-gnu/nios2-elf/lib/mno-hw-mul/libc.a(lib_a-findfp.o) (_fwalk)
/home/diego/intelFPGA_lite/20.1/nios2eds/bin/gnu/H-x86_64-pc-linux-gnu/bin/../lib/gcc/nios2-elf/10.1.1/../../../../../H-x86_64-pc-linux-gnu/nios2-elf/lib/mno-hw-mul/libc.a(lib_a-impure.o)
                              /home/diego/intelFPGA_lite/20.1/nios2eds/bin/gnu/H-x86_64-pc-linux-gnu/bin/../lib/gcc/nios2-elf/10.1.1/../../../../../H-x86_64-pc-linux-gnu/nios2-elf/lib/mno-hw-mul/libc.a(lib_a-findfp.o) (_global_impure_ptr)
/home/diego/intelFPGA_lite/20.1/nios2eds/bin/gnu/H-x86_64-pc-linux-gnu/bin/../lib/gcc/nios2-elf/10.1.1/../../../../../H-x86_64-pc-linux-gnu/nios2-elf/lib/mno-hw-mul/libc.a(lib_a-mallocr.o)
                              /home/diego/intelFPGA_lite/20.1/nios2eds/bin/gnu/H-x86_64-pc-linux-gnu/bin/../lib/gcc/nios2-elf/10.1.1/../../../../../H-x86_64-pc-linux-gnu/nios2-elf/lib/mno-hw-mul/libc.a(lib_a-findfp.o) (_malloc_r)
/home/diego/intelFPGA_lite/20.1/nios2eds/bin/gnu/H-x86_64-pc-linux-gnu/bin/../lib/gcc/nios2-elf/10.1.1/../../../../../H-x86_64-pc-linux-gnu/nios2-elf/lib/mno-hw-mul/libc.a(lib_a-memchr.o)
                              /home/diego/intelFPGA_lite/20.1/nios2eds/bin/gnu/H-x86_64-pc-linux-gnu/bin/../lib/gcc/nios2-elf/10.1.1/../../../../../H-x86_64-pc-linux-gnu/nios2-elf/lib/mno-hw-mul/libc.a(lib_a-fvwrite.o) (memchr)
/home/diego/intelFPGA_lite/20.1/nios2eds/bin/gnu/H-x86_64-pc-linux-gnu/bin/../lib/gcc/nios2-elf/10.1.1/../../../../../H-x86_64-pc-linux-gnu/nios2-elf/lib/mno-hw-mul/libc.a(lib_a-memcpy.o)
                              /home/diego/intelFPGA_lite/20.1/nios2eds/bin/gnu/H-x86_64-pc-linux-gnu/bin/../lib/gcc/nios2-elf/10.1.1/../../../../../H-x86_64-pc-linux-gnu/nios2-elf/lib/mno-hw-mul/libc.a(lib_a-fvwrite.o) (memcpy)
/home/diego/intelFPGA_lite/20.1/nios2eds/bin/gnu/H-x86_64-pc-linux-gnu/bin/../lib/gcc/nios2-elf/10.1.1/../../../../../H-x86_64-pc-linux-gnu/nios2-elf/lib/mno-hw-mul/libc.a(lib_a-memmove.o)
                              /home/diego/intelFPGA_lite/20.1/nios2eds/bin/gnu/H-x86_64-pc-linux-gnu/bin/../lib/gcc/nios2-elf/10.1.1/../../../../../H-x86_64-pc-linux-gnu/nios2-elf/lib/mno-hw-mul/libc.a(lib_a-fvwrite.o) (memmove)
/home/diego/intelFPGA_lite/20.1/nios2eds/bin/gnu/H-x86_64-pc-linux-gnu/bin/../lib/gcc/nios2-elf/10.1.1/../../../../../H-x86_64-pc-linux-gnu/nios2-elf/lib/mno-hw-mul/libc.a(lib_a-memset.o)
                              /home/diego/intelFPGA_lite/20.1/nios2eds/bin/gnu/H-x86_64-pc-linux-gnu/bin/../lib/gcc/nios2-elf/10.1.1/../../../../../H-x86_64-pc-linux-gnu/nios2-elf/lib/mno-hw-mul/libc.a(lib_a-findfp.o) (memset)
/home/diego/intelFPGA_lite/20.1/nios2eds/bin/gnu/H-x86_64-pc-linux-gnu/bin/../lib/gcc/nios2-elf/10.1.1/../../../../../H-x86_64-pc-linux-gnu/nios2-elf/lib/mno-hw-mul/libc.a(lib_a-reallocr.o)
                              /home/diego/intelFPGA_lite/20.1/nios2eds/bin/gnu/H-x86_64-pc-linux-gnu/bin/../lib/gcc/nios2-elf/10.1.1/../../../../../H-x86_64-pc-linux-gnu/nios2-elf/lib/mno-hw-mul/libc.a(lib_a-fvwrite.o) (_realloc_r)
[...]
Memory Configuration

Name             Origin             Length             Attributes
reset            0x0000000000800000 0x0000000000000020
sdram            0x0000000000800020 0x00000000007fffe0
*default*        0x0000000000000000 0xffffffffffffffff

Linker script and memory map

LOAD /home/diego/documents/pathfinder/software/pathfinder_no_accel_bsp//obj/HAL/src/crt0.o
LOAD obj/default/hello_world.o
LOAD /home/diego/intelFPGA_lite/20.1/nios2eds/bin/gnu/H-x86_64-pc-linux-gnu/bin/../lib/gcc/nios2-elf/10.1.1/../../../../../H-x86_64-pc-linux-gnu/nios2-elf/lib/mno-hw-mul/libstdc++.a
LOAD /home/diego/intelFPGA_lite/20.1/nios2eds/bin/gnu/H-x86_64-pc-linux-gnu/bin/../lib/gcc/nios2-elf/10.1.1/../../../../../H-x86_64-pc-linux-gnu/nios2-elf/lib/mno-hw-mul/libm.a
LOAD /home/diego/intelFPGA_lite/20.1/nios2eds/bin/gnu/H-x86_64-pc-linux-gnu/bin/../lib/gcc/nios2-elf/10.1.1/mno-hw-mul/libgcc.a
START GROUP
LOAD /home/diego/intelFPGA_lite/20.1/nios2eds/bin/gnu/H-x86_64-pc-linux-gnu/bin/../lib/gcc/nios2-elf/10.1.1/../../../../../H-x86_64-pc-linux-gnu/nios2-elf/lib/mno-hw-mul/libc.a
LOAD /home/diego/intelFPGA_lite/20.1/nios2eds/bin/gnu/H-x86_64-pc-linux-gnu/bin/../lib/gcc/nios2-elf/10.1.1/mno-hw-mul/libgcc.a
LOAD /home/diego/documents/pathfinder/software/pathfinder_no_accel_bsp//libhal_bsp.a
LOAD /home/diego/intelFPGA_lite/20.1/nios2eds/bin/gnu/H-x86_64-pc-linux-gnu/bin/../lib/gcc/nios2-elf/10.1.1/../../../../../H-x86_64-pc-linux-gnu/nios2-elf/lib/mno-hw-mul/libm.a
END GROUP
LOAD /home/diego/intelFPGA_lite/20.1/nios2eds/bin/gnu/H-x86_64-pc-linux-gnu/bin/../lib/gcc/nios2-elf/10.1.1/mno-hw-mul/libgcc.a
                0x0000000000800000                __alt_mem_sdram = 0x800000

.entry          0x0000000000800000       0x20
 *(.entry)
 .entry         0x0000000000800000       0x20 /home/diego/documents/pathfinder/software/pathfinder_no_accel_bsp//obj/HAL/src/crt0.o
                0x0000000000800000                __reset

.exceptions     0x0000000000800020      0x218
                0x0000000000800020                PROVIDE (__ram_exceptions_start = ABSOLUTE (.))
                0x0000000000800020                . = ALIGN (0x20)
 *(.irq)
 *(.exceptions.entry.label)
 .exceptions.entry.label
                0x0000000000800020        0x0 /home/diego/documents/pathfinder/software/pathfinder_no_accel_bsp//libhal_bsp.a(alt_irq_entry.o)
                0x0000000000800020                alt_irq_entry
 .exceptions.entry.label
                0x0000000000800020        0x0 /home/diego/documents/pathfinder/software/pathfinder_no_accel_bsp//libhal_bsp.a(alt_exception_entry.o)
                0x0000000000800020                alt_exception
 *(.exceptions.entry.user)
 *(.exceptions.entry.ecc_fatal)
 *(.exceptions.entry)
 .exceptions.entry
                0x0000000000800020       0x54 /home/diego/documents/pathfinder/software/pathfinder_no_accel_bsp//libhal_bsp.a(alt_exception_entry.o)
 *(.exceptions.irqtest.user)
 *(.exceptions.irqtest)
 .exceptions.irqtest
                0x0000000000800074       0x10 /home/diego/documents/pathfinder/software/pathfinder_no_accel_bsp//libhal_bsp.a(alt_irq_entry.o)
 *(.exceptions.irqhandler.user)
 *(.exceptions.irqhandler)
 .exceptions.irqhandler
                0x0000000000800084        0x4 /home/diego/documents/pathfinder/software/pathfinder_no_accel_bsp//libhal_bsp.a(alt_irq_entry.o)
 *(.exceptions.irqreturn.user)
 *(.exceptions.irqreturn)
 .exceptions.irqreturn
                0x0000000000800088        0x4 /home/diego/documents/pathfinder/software/pathfinder_no_accel_bsp//libhal_bsp.a(alt_irq_entry.o)
 *(.exceptions.notirq.label)
 .exceptions.notirq.label
                0x000000000080008c        0x0 /home/diego/documents/pathfinder/software/pathfinder_no_accel_bsp//libhal_bsp.a(alt_irq_entry.o)
 *(.exceptions.notirq.user)
 *(.exceptions.notirq)
 .exceptions.notirq
                0x000000000080008c        0x8 /home/diego/documents/pathfinder/software/pathfinder_no_accel_bsp//libhal_bsp.a(alt_exception_entry.o)
 *(.exceptions.soft.user)
 *(.exceptions.soft)
 *(.exceptions.unknown.user)
 *(.exceptions.unknown)
 .exceptions.unknown
                0x0000000000800094       0x14 /home/diego/documents/pathfinder/software/pathfinder_no_accel_bsp//libhal_bsp.a(alt_exception_entry.o)
 *(.exceptions.exit.label)
 .exceptions.exit.label
                0x00000000008000a8        0x0 /home/diego/documents/pathfinder/software/pathfinder_no_accel_bsp//libhal_bsp.a(alt_irq_entry.o)
 .exceptions.exit.label
                0x00000000008000a8        0x0 /home/diego/documents/pathfinder/software/pathfinder_no_accel_bsp//libhal_bsp.a(alt_exception_entry.o)
 *(.exceptions.exit.user)
 *(.exceptions.exit)
 .exceptions.exit
                0x00000000008000a8       0x54 /home/diego/documents/pathfinder/software/pathfinder_no_accel_bsp//libhal_bsp.a(alt_exception_entry.o)
 *(.exceptions)
 .exceptions    0x00000000008000fc       0xc8 /home/diego/documents/pathfinder/software/pathfinder_no_accel_bsp//libhal_bsp.a(alt_irq_handler.o)
                0x00000000008000fc                alt_irq_handler
 .exceptions    0x00000000008001c4       0x74 /home/diego/documents/pathfinder/software/pathfinder_no_accel_bsp//libhal_bsp.a(alt_instruction_exception_entry.o)
                0x00000000008001c4                alt_instruction_exception_entry
                0x0000000000800238                PROVIDE (__ram_exceptions_end = ABSOLUTE (.))
                0x0000000000800020                PROVIDE (__flash_exceptions_start = LOADADDR (.exceptions))

.text           0x0000000000800238     0x5690
                [!provide]                        PROVIDE (stext = ABSOLUTE (.))
 *(.interp)
 *(.hash)
 *(.dynsym)
 *(.dynstr)
 *(.gnu.version)
 *(.gnu.version_d)
 *(.gnu.version_r)
 *(.rel.init)
 *(.rela.init)
 *(.rel.text .rel.text.* .rel.gnu.linkonce.t.*)
 *(.rela.text .rela.text.* .rela.gnu.linkonce.t.*)
 *(.rel.fini)
 *(.rela.fini)
 *(.rel.rodata .rel.rodata.* .rel.gnu.linkonce.r.*)
 *(.rela.rodata .rela.rodata.* .rela.gnu.linkonce.r.*)
 *(.rel.data .rel.data.* .rel.gnu.linkonce.d.*)
 *(.rela.data .rela.data.* .rela.gnu.linkonce.d.*)
 *(.rel.tdata .rel.tdata.* .rel.gnu.linkonce.td.*)
 *(.rela.tdata .rela.tdata.* .rela.gnu.linkonce.td.*)
 *(.rel.tbss .rel.tbss.* .rel.gnu.linkonce.tb.*)
 *(.rela.tbss .rela.tbss.* .rela.gnu.linkonce.tb.*)
 *(.rel.ctors)
 *(.rela.ctors)
 *(.rel.dtors)
 *(.rela.dtors)
 *(.rel.got)
 *(.rela.got)
 *(.rel.sdata .rel.sdata.* .rel.gnu.linkonce.s.*)
 *(.rela.sdata .rela.sdata.* .rela.gnu.linkonce.s.*)
 *(.rel.sbss .rel.sbss.* .rel.gnu.linkonce.sb.*)
 *(.rela.sbss .rela.sbss.* .rela.gnu.linkonce.sb.*)
 *(.rel.sdata2 .rel.sdata2.* .rel.gnu.linkonce.s2.*)
 *(.rela.sdata2 .rela.sdata2.* .rela.gnu.linkonce.s2.*)
 *(.rel.sbss2 .rel.sbss2.* .rel.gnu.linkonce.sb2.*)
 *(.rela.sbss2 .rela.sbss2.* .rela.gnu.linkonce.sb2.*)
 *(.rel.bss .rel.bss.* .rel.gnu.linkonce.b.*)
 *(.rela.bss .rela.bss.* .rela.gnu.linkonce.b.*)
 *(.rel.plt)
 *(.rela.plt)
 *(.rel.dyn)
 *(.init)
 *(.plt)
 *(.text .stub .text.* .gnu.linkonce.t.*)
 .text          0x0000000000800238       0x4c /home/diego/documents/pathfinder/software/pathfinder_no_accel_bsp//obj/HAL/src/crt0.o
                0x0000000000800238                _start
 .text          0x0000000000800284       0x34 obj/default/hello_world.o
                0x0000000000800284                main
 .text          0x00000000008002b8        0x0 /home/diego/intelFPGA_lite/20.1/nios2eds/bin/gnu/H-x86_64-pc-linux-gnu/bin/../lib/gcc/nios2-elf/10.1.1/../../../../../H-x86_64-pc-linux-gnu/nios2-elf/lib/mno-hw-mul/libc.a(lib_a-puts.o)
 .text._puts_r  0x00000000008002b8       0xcc /home/diego/intelFPGA_lite/20.1/nios2eds/bin/gnu/H-x86_64-pc-linux-gnu/bin/../lib/gcc/nios2-elf/10.1.1/../../../../../H-x86_64-pc-linux-gnu/nios2-elf/lib/mno-hw-mul/libc.a(lib_a-puts.o)
                0x00000000008002b8                _puts_r
 .text.puts     0x0000000000800384       0x10 /home/diego/intelFPGA_lite/20.1/nios2eds/bin/gnu/H-x86_64-pc-linux-gnu/bin/../lib/gcc/nios2-elf/10.1.1/../../../../../H-x86_64-pc-linux-gnu/nios2-elf/lib/mno-hw-mul/libc.a(lib_a-puts.o)
                0x0000000000800384                puts
 .text          0x0000000000800394        0x0 /home/diego/intelFPGA_lite/20.1/nios2eds/bin/gnu/H-x86_64-pc-linux-gnu/bin/../lib/gcc/nios2-elf/10.1.1/../../../../../H-x86_64-pc-linux-gnu/nios2-elf/lib/mno-hw-mul/libc.a(lib_a-strlen.o)
 .text.strlen   0x0000000000800394       0x98 /home/diego/intelFPGA_lite/20.1/nios2eds/bin/gnu/H-x86_64-pc-linux-gnu/bin/../lib/gcc/nios2-elf/10.1.1/../../../../../H-x86_64-pc-linux-gnu/nios2-elf/lib/mno-hw-mul/libc.a(lib_a-strlen.o)
                0x0000000000800394                strlen
 .text          0x000000000080042c        0x0 /home/diego/intelFPGA_lite/20.1/nios2eds/bin/gnu/H-x86_64-pc-linux-gnu/bin/../lib/gcc/nios2-elf/10.1.1/../../../../../H-x86_64-pc-linux-gnu/nios2-elf/lib/mno-hw-mul/libc.a(lib_a-findfp.o)
 .text.__fp_lock
                0x000000000080042c        0x8 /home/diego/intelFPGA_lite/20.1/nios2eds/bin/gnu/H-x86_64-pc-linux-gnu/bin/../lib/gcc/nios2-elf/10.1.1/../../../../../H-x86_64-pc-linux-gnu/nios2-elf/lib/mno-hw-mul/libc.a(lib_a-findfp.o)
 .text._cleanup_r
                0x0000000000800434        0xc /home/diego/intelFPGA_lite/20.1/nios2eds/bin/gnu/H-x86_64-pc-linux-gnu/bin/../lib/gcc/nios2-elf/10.1.1/../../../../../H-x86_64-pc-linux-gnu/nios2-elf/lib/mno-hw-mul/libc.a(lib_a-findfp.o)
                0x0000000000800434                _cleanup_r
 .text.__fp_unlock
                0x0000000000800440        0x8 /home/diego/intelFPGA_lite/20.1/nios2eds/bin/gnu/H-x86_64-pc-linux-gnu/bin/../lib/gcc/nios2-elf/10.1.1/../../../../../H-x86_64-pc-linux-gnu/nios2-elf/lib/mno-hw-mul/libc.a(lib_a-findfp.o)
 .text.__sinit.part.0
                0x0000000000800448      0x168 /home/diego/intelFPGA_lite/20.1/nios2eds/bin/gnu/H-x86_64-pc-linux-gnu/bin/../lib/gcc/nios2-elf/10.1.1/../../../../../H-x86_64-pc-linux-gnu/nios2-elf/lib/mno-hw-mul/libc.a(lib_a-findfp.o)
 .text.__sfmoreglue
                0x00000000008005b0       0x78 /home/diego/intelFPGA_lite/20.1/nios2eds/bin/gnu/H-x86_64-pc-linux-gnu/bin/../lib/gcc/nios2-elf/10.1.1/../../../../../H-x86_64-pc-linux-gnu/nios2-elf/lib/mno-hw-mul/libc.a(lib_a-findfp.o)
                0x00000000008005b0                __sfmoreglue
 .text.__sfp    0x0000000000800628      0x154 /home/diego/intelFPGA_lite/20.1/nios2eds/bin/gnu/H-x86_64-pc-linux-gnu/bin/../lib/gcc/nios2-elf/10.1.1/../../../../../H-x86_64-pc-linux-gnu/nios2-elf/lib/mno-hw-mul/libc.a(lib_a-findfp.o)
                0x0000000000800628                __sfp
 .text._cleanup
                0x000000000080077c       0x14 /home/diego/intelFPGA_lite/20.1/nios2eds/bin/gnu/H-x86_64-pc-linux-gnu/bin/../lib/gcc/nios2-elf/10.1.1/../../../../../H-x86_64-pc-linux-gnu/nios2-elf/lib/mno-hw-mul/libc.a(lib_a-findfp.o)
                0x000000000080077c                _cleanup
 .text.__sinit  0x0000000000800790       0x10 /home/diego/intelFPGA_lite/20.1/nios2eds/bin/gnu/H-x86_64-pc-linux-gnu/bin/../lib/gcc/nios2-elf/10.1.1/../../../../../H-x86_64-pc-linux-gnu/nios2-elf/lib/mno-hw-mul/libc.a(lib_a-findfp.o)
                0x0000000000800790                __sinit
 .text.__sfp_lock_acquire
                0x00000000008007a0        0x4 /home/diego/intelFPGA_lite/20.1/nios2eds/bin/gnu/H-x86_64-pc-linux-gnu/bin/../lib/gcc/nios2-elf/10.1.1/../../../../../H-x86_64-pc-linux-gnu/nios2-elf/lib/mno-hw-mul/libc.a(lib_a-findfp.o)
                0x00000000008007a0                __sfp_lock_acquire
 .text.__sfp_lock_release
                0x00000000008007a4        0x4 /home/diego/intelFPGA_lite/20.1/nios2eds/bin/gnu/H-x86_64-pc-linux-gnu/bin/../lib/gcc/nios2-elf/10.1.1/../../../../../H-x86_64-pc-linux-gnu/nios2-elf/lib/mno-hw-mul/libc.a(lib_a-findfp.o)
                0x00000000008007a4                __sfp_lock_release
 .text.__sinit_lock_acquire
                0x00000000008007a8        0x4 /home/diego/intelFPGA_lite/20.1/nios2eds/bin/gnu/H-x86_64-pc-linux-gnu/bin/../lib/gcc/nios2-elf/10.1.1/../../../../../H-x86_64-pc-linux-gnu/nios2-elf/lib/mno-hw-mul/libc.a(lib_a-findfp.o)
                0x00000000008007a8                __sinit_lock_acquire
 .text.__sinit_lock_release
                0x00000000008007ac        0x4 /home/diego/intelFPGA_lite/20.1/nios2eds/bin/gnu/H-x86_64-pc-linux-gnu/bin/../lib/gcc/nios2-elf/10.1.1/../../../../../H-x86_64-pc-linux-gnu/nios2-elf/lib/mno-hw-mul/libc.a(lib_a-findfp.o)
                0x00000000008007ac                __sinit_lock_release
 .text.__fp_lock_all
                0x00000000008007b0       0x14 /home/diego/intelFPGA_lite/20.1/nios2eds/bin/gnu/H-x86_64-pc-linux-gnu/bin/../lib/gcc/nios2-elf/10.1.1/../../../../../H-x86_64-pc-linux-gnu/nios2-elf/lib/mno-hw-mul/libc.a(lib_a-findfp.o)
                0x00000000008007b0                __fp_lock_all
 .text.__fp_unlock_all
                0x00000000008007c4       0x14 /home/diego/intelFPGA_lite/20.1/nios2eds/bin/gnu/H-x86_64-pc-linux-gnu/bin/../lib/gcc/nios2-elf/10.1.1/../../../../../H-x86_64-pc-linux-gnu/nios2-elf/lib/mno-hw-mul/libc.a(lib_a-findfp.o)
                0x00000000008007c4                __fp_unlock_all
 .text          0x00000000008007d8        0x0 /home/diego/intelFPGA_lite/20.1/nios2eds/bin/gnu/H-x86_64-pc-linux-gnu/bin/../lib/gcc/nios2-elf/10.1.1/../../../../../H-x86_64-pc-linux-gnu/nios2-elf/lib/mno-hw-mul/libc.a(lib_a-fvwrite.o)
 .text.__sfvwrite_r
                0x00000000008007d8      0x4c8 /home/diego/intelFPGA_lite/20.1/nios2eds/bin/gnu/H-x86_64-pc-linux-gnu/bin/../lib/gcc/nios2-elf/10.1.1/../../../../../H-x86_64-pc-linux-gnu/nios2-elf/lib/mno-hw-mul/libc.a(lib_a-fvwrite.o)
                0x00000000008007d8                __sfvwrite_r
 .text          0x0000000000800ca0        0x0 /home/diego/intelFPGA_lite/20.1/nios2eds/bin/gnu/H-x86_64-pc-linux-gnu/bin/../lib/gcc/nios2-elf/10.1.1/../../../../../H-x86_64-pc-linux-gnu/nios2-elf/lib/mno-hw-mul/libc.a(lib_a-fwalk.o)
 .text._fwalk   0x0000000000800ca0       0x98 /home/diego/intelFPGA_lite/20.1/nios2eds/bin/gnu/H-x86_64-pc-linux-gnu/bin/../lib/gcc/nios2-elf/10.1.1/../../../../../H-x86_64-pc-linux-gnu/nios2-elf/lib/mno-hw-mul/libc.a(lib_a-fwalk.o)
                0x0000000000800ca0                _fwalk
 .text._fwalk_reent
                0x0000000000800d38       0xa8 /home/diego/intelFPGA_lite/20.1/nios2eds/bin/gnu/H-x86_64-pc-linux-gnu/bin/../lib/gcc/nios2-elf/10.1.1/../../../../../H-x86_64-pc-linux-gnu/nios2-elf/lib/mno-hw-mul/libc.a(lib_a-fwalk.o)
                0x0000000000800d38                _fwalk_reent
 .text          0x0000000000800de0        0x0 /home/diego/intelFPGA_lite/20.1/nios2eds/bin/gnu/H-x86_64-pc-linux-gnu/bin/../lib/gcc/nios2-elf/10.1.1/../../../../../H-x86_64-pc-linux-gnu/nios2-elf/lib/mno-hw-mul/libc.a(lib_a-impure.o)
 .text          0x0000000000800de0        0x0 /home/diego/intelFPGA_lite/20.1/nios2eds/bin/gnu/H-x86_64-pc-linux-gnu/bin/../lib/gcc/nios2-elf/10.1.1/../../../../../H-x86_64-pc-linux-gnu/nios2-elf/lib/mno-hw-mul/libc.a(lib_a-mallocr.o)
 .text._malloc_r
                0x0000000000800de0      0x7e0 /home/diego/intelFPGA_lite/20.1/nios2eds/bin/gnu/H-x86_64-pc-linux-gnu/bin/../lib/gcc/nios2-elf/10.1.1/../../../../../H-x86_64-pc-linux-gnu/nios2-elf/lib/mno-hw-mul/libc.a(lib_a-mallocr.o)
                0x0000000000800de0                _malloc_r
 .text          0x00000000008015c0        0x0 /home/diego/intelFPGA_lite/20.1/nios2eds/bin/gnu/H-x86_64-pc-linux-gnu/bin/../lib/gcc/nios2-elf/10.1.1/../../../../../H-x86_64-pc-linux-gnu/nios2-elf/lib/mno-hw-mul/libc.a(lib_a-memchr.o)
 .text.memchr   0x00000000008015c0       0xd0 /home/diego/intelFPGA_lite/20.1/nios2eds/bin/gnu/H-x86_64-pc-linux-gnu/bin/../lib/gcc/nios2-elf/10.1.1/../../../../../H-x86_64-pc-linux-gnu/nios2-elf/lib/mno-hw-mul/libc.a(lib_a-memchr.o)
                0x00000000008015c0                memchr
 .text          0x0000000000801690        0x0 /home/diego/intelFPGA_lite/20.1/nios2eds/bin/gnu/H-x86_64-pc-linux-gnu/bin/../lib/gcc/nios2-elf/10.1.1/../../../../../H-x86_64-pc-linux-gnu/nios2-elf/lib/mno-hw-mul/libc.a(lib_a-memcpy.o)
 .text.memcpy   0x0000000000801690      0x100 /home/diego/intelFPGA_lite/20.1/nios2eds/bin/gnu/H-x86_64-pc-linux-gnu/bin/../lib/gcc/nios2-elf/10.1.1/../../../../../H-x86_64-pc-linux-gnu/nios2-elf/lib/mno-hw-mul/libc.a(lib_a-memcpy.o)
                0x0000000000801690                memcpy
 .text          0x0000000000801790        0x0 /home/diego/intelFPGA_lite/20.1/nios2eds/bin/gnu/H-x86_64-pc-linux-gnu/bin/../lib/gcc/nios2-elf/10.1.1/../../../../../H-x86_64-pc-linux-gnu/nios2-elf/lib/mno-hw-mul/libc.a(lib_a-memmove.o)
 .text.memmove  0x0000000000801790      0x12c /home/diego/intelFPGA_lite/20.1/nios2eds/bin/gnu/H-x86_64-pc-linux-gnu/bin/../lib/gcc/nios2-elf/10.1.1/../../../../../H-x86_64-pc-linux-gnu/nios2-elf/lib/mno-hw-mul/libc.a(lib_a-memmove.o)
                0x0000000000801790                memmove
 .text          0x00000000008018bc        0x0 /home/diego/intelFPGA_lite/20.1/nios2eds/bin/gnu/H-x86_64-pc-linux-gnu/bin/../lib/gcc/nios2-elf/10.1.1/../../../../../H-x86_64-pc-linux-gnu/nios2-elf/lib/mno-hw-mul/libc.a(lib_a-memset.o)
 .text.memset   0x00000000008018bc       0xf0 /home/diego/intelFPGA_lite/20.1/nios2eds/bin/gnu/H-x86_64-pc-linux-gnu/bin/../lib/gcc/nios2-elf/10.1.1/../../../../../H-x86_64-pc-linux-gnu/nios2-elf/lib/mno-hw-mul/libc.a(lib_a-memset.o)
                0x00000000008018bc                memset
 .text          0x00000000008019ac        0x0 /home/diego/intelFPGA_lite/20.1/nios2eds/bin/gnu/H-x86_64-pc-linux-gnu/bin/../lib/gcc/nios2-elf/10.1.1/../../../../../H-x86_64-pc-linux-gnu/nios2-elf/lib/mno-hw-mul/libc.a(lib_a-reallocr.o)
 .text._realloc_r
                0x00000000008019ac      0x564 /home/diego/intelFPGA_lite/20.1/nios2eds/bin/gnu/H-x86_64-pc-linux-gnu/bin/../lib/gcc/nios2-elf/10.1.1/../../../../../H-x86_64-pc-linux-gnu/nios2-elf/lib/mno-hw-mul/libc.a(lib_a-reallocr.o)
                0x00000000008019ac                _realloc_r
 .text          0x0000000000801f10        0x0 /home/diego/intelFPGA_lite/20.1/nios2eds/bin/gnu/H-x86_64-pc-linux-gnu/bin/../lib/gcc/nios2-elf/10.1.1/../../../../../H-x86_64-pc-linux-gnu/nios2-elf/lib/mno-hw-mul/libc.a(lib_a-sbrkr.o)
 .text._sbrk_r  0x0000000000801f10       0x58 /home/diego/intelFPGA_lite/20.1/nios2eds/bin/gnu/H-x86_64-pc-linux-gnu/bin/../lib/gcc/nios2-elf/10.1.1/../../../../../H-x86_64-pc-linux-gnu/nios2-elf/lib/mno-hw-mul/libc.a(lib_a-sbrkr.o)
                0x0000000000801f10                _sbrk_r
 .text          0x0000000000801f68        0x0 /home/diego/intelFPGA_lite/20.1/nios2eds/bin/gnu/H-x86_64-pc-linux-gnu/bin/../lib/gcc/nios2-elf/10.1.1/../../../../../H-x86_64-pc-linux-gnu/nios2-elf/lib/mno-hw-mul/libc.a(lib_a-stdio.o)
 .text.__sread  0x0000000000801f68       0x54 /home/diego/intelFPGA_lite/20.1/nios2eds/bin/gnu/H-x86_64-pc-linux-gnu/bin/../lib/gcc/nios2-elf/10.1.1/../../../../../H-x86_64-pc-linux-gnu/nios2-elf/lib/mno-hw-mul/libc.a(lib_a-stdio.o)
                0x0000000000801f68                __sread
 .text.__seofread
                0x0000000000801fbc        0x8 /home/diego/intelFPGA_lite/20.1/nios2eds/bin/gnu/H-x86_64-pc-linux-gnu/bin/../lib/gcc/nios2-elf/10.1.1/../../../../../H-x86_64-pc-linux-gnu/nios2-elf/lib/mno-hw-mul/libc.a(lib_a-stdio.o)
                0x0000000000801fbc                __seofread
 .text.__swrite
                0x0000000000801fc4       0x80 /home/diego/intelFPGA_lite/20.1/nios2eds/bin/gnu/H-x86_64-pc-linux-gnu/bin/../lib/gcc/nios2-elf/10.1.1/../../../../../H-x86_64-pc-linux-gnu/nios2-elf/lib/mno-hw-mul/libc.a(lib_a-stdio.o)
                0x0000000000801fc4                __swrite
 .text.__sseek  0x0000000000802044       0x5c /home/diego/intelFPGA_lite/20.1/nios2eds/bin/gnu/H-x86_64-pc-linux-gnu/bin/../lib/gcc/nios2-elf/10.1.1/../../../../../H-x86_64-pc-linux-gnu/nios2-elf/lib/mno-hw-mul/libc.a(lib_a-stdio.o)
                0x0000000000802044                __sseek
 .text.__sclose
                0x00000000008020a0        0x8 /home/diego/intelFPGA_lite/20.1/nios2eds/bin/gnu/H-x86_64-pc-linux-gnu/bin/../lib/gcc/nios2-elf/10.1.1/../../../../../H-x86_64-pc-linux-gnu/nios2-elf/lib/mno-hw-mul/libc.a(lib_a-stdio.o)
                0x00000000008020a0                __sclose
 .text          0x00000000008020a8        0x0 /home/diego/intelFPGA_lite/20.1/nios2eds/bin/gnu/H-x86_64-pc-linux-gnu/bin/../lib/gcc/nios2-elf/10.1.1/../../../../../H-x86_64-pc-linux-gnu/nios2-elf/lib/mno-hw-mul/libc.a(lib_a-writer.o)
 .text._write_r
                0x00000000008020a8       0x64 /home/diego/intelFPGA_lite/20.1/nios2eds/bin/gnu/H-x86_64-pc-linux-gnu/bin/../lib/gcc/nios2-elf/10.1.1/../../../../../H-x86_64-pc-linux-gnu/nios2-elf/lib/mno-hw-mul/libc.a(lib_a-writer.o)
                0x00000000008020a8                _write_r
 .text          0x000000000080210c        0x0 /home/diego/intelFPGA_lite/20.1/nios2eds/bin/gnu/H-x86_64-pc-linux-gnu/bin/../lib/gcc/nios2-elf/10.1.1/../../../../../H-x86_64-pc-linux-gnu/nios2-elf/lib/mno-hw-mul/libc.a(lib_a-wsetup.o)
 .text.__swsetup_r
                0x000000000080210c      0x164 /home/diego/intelFPGA_lite/20.1/nios2eds/bin/gnu/H-x86_64-pc-linux-gnu/bin/../lib/gcc/nios2-elf/10.1.1/../../../../../H-x86_64-pc-linux-gnu/nios2-elf/lib/mno-hw-mul/libc.a(lib_a-wsetup.o)
                0x000000000080210c                __swsetup_r
 .text          0x0000000000802270        0x0 /home/diego/intelFPGA_lite/20.1/nios2eds/bin/gnu/H-x86_64-pc-linux-gnu/bin/../lib/gcc/nios2-elf/10.1.1/../../../../../H-x86_64-pc-linux-gnu/nios2-elf/lib/mno-hw-mul/libc.a(closer.o)
 .text._close_r
                0x0000000000802270       0x58 /home/diego/intelFPGA_lite/20.1/nios2eds/bin/gnu/H-x86_64-pc-linux-gnu/bin/../lib/gcc/nios2-elf/10.1.1/../../../../../H-x86_64-pc-linux-gnu/nios2-elf/lib/mno-hw-mul/libc.a(closer.o)
                0x0000000000802270                _close_r
 .text          0x00000000008022c8        0x0 /home/diego/intelFPGA_lite/20.1/nios2eds/bin/gnu/H-x86_64-pc-linux-gnu/bin/../lib/gcc/nios2-elf/10.1.1/../../../../../H-x86_64-pc-linux-gnu/nios2-elf/lib/mno-hw-mul/libc.a(lib_a-fclose.o)
 .text._fclose_r.part.0
                0x00000000008022c8       0xc0 /home/diego/intelFPGA_lite/20.1/nios2eds/bin/gnu/H-x86_64-pc-linux-gnu/bin/../lib/gcc/nios2-elf/10.1.1/../../../../../H-x86_64-pc-linux-gnu/nios2-elf/lib/mno-hw-mul/libc.a(lib_a-fclose.o)
 .text._fclose_r
                0x0000000000802388       0x70 /home/diego/intelFPGA_lite/20.1/nios2eds/bin/gnu/H-x86_64-pc-linux-gnu/bin/../lib/gcc/nios2-elf/10.1.1/../../../../../H-x86_64-pc-linux-gnu/nios2-elf/lib/mno-hw-mul/libc.a(lib_a-fclose.o)
                0x0000000000802388                _fclose_r
 .text.fclose   0x00000000008023f8       0x70 /home/diego/intelFPGA_lite/20.1/nios2eds/bin/gnu/H-x86_64-pc-linux-gnu/bin/../lib/gcc/nios2-elf/10.1.1/../../../../../H-x86_64-pc-linux-gnu/nios2-elf/lib/mno-hw-mul/libc.a(lib_a-fclose.o)
                0x00000000008023f8                fclose
 .text          0x0000000000802468        0x0 /home/diego/intelFPGA_lite/20.1/nios2eds/bin/gnu/H-x86_64-pc-linux-gnu/bin/../lib/gcc/nios2-elf/10.1.1/../../../../../H-x86_64-pc-linux-gnu/nios2-elf/lib/mno-hw-mul/libc.a(lib_a-fflush.o)
 .text.__sflush_r
                0x0000000000802468      0x228 /home/diego/intelFPGA_lite/20.1/nios2eds/bin/gnu/H-x86_64-pc-linux-gnu/bin/../lib/gcc/nios2-elf/10.1.1/../../../../../H-x86_64-pc-linux-gnu/nios2-elf/lib/mno-hw-mul/libc.a(lib_a-fflush.o)
                0x0000000000802468                __sflush_r
 .text._fflush_r
                0x0000000000802690       0x60 /home/diego/intelFPGA_lite/20.1/nios2eds/bin/gnu/H-x86_64-pc-linux-gnu/bin/../lib/gcc/nios2-elf/10.1.1/../../../../../H-x86_64-pc-linux-gnu/nios2-elf/lib/mno-hw-mul/libc.a(lib_a-fflush.o)
                0x0000000000802690                _fflush_r
 .text.fflush   0x00000000008026f0       0x84 /home/diego/intelFPGA_lite/20.1/nios2eds/bin/gnu/H-x86_64-pc-linux-gnu/bin/../lib/gcc/nios2-elf/10.1.1/../../../../../H-x86_64-pc-linux-gnu/nios2-elf/lib/mno-hw-mul/libc.a(lib_a-fflush.o)
                0x00000000008026f0                fflush
 .text          0x0000000000802774        0x0 /home/diego/intelFPGA_lite/20.1/nios2eds/bin/gnu/H-x86_64-pc-linux-gnu/bin/../lib/gcc/nios2-elf/10.1.1/../../../../../H-x86_64-pc-linux-gnu/nios2-elf/lib/mno-hw-mul/libc.a(lib_a-freer.o)
 .text._malloc_trim_r
                0x0000000000802774      0x11c /home/diego/intelFPGA_lite/20.1/nios2eds/bin/gnu/H-x86_64-pc-linux-gnu/bin/../lib/gcc/nios2-elf/10.1.1/../../../../../H-x86_64-pc-linux-gnu/nios2-elf/lib/mno-hw-mul/libc.a(lib_a-freer.o)
                0x0000000000802774                _malloc_trim_r
 .text._free_r  0x0000000000802890      0x2fc /home/diego/intelFPGA_lite/20.1/nios2eds/bin/gnu/H-x86_64-pc-linux-gnu/bin/../lib/gcc/nios2-elf/10.1.1/../../../../../H-x86_64-pc-linux-gnu/nios2-elf/lib/mno-hw-mul/libc.a(lib_a-freer.o)
                0x0000000000802890                _free_r
 .text          0x0000000000802b8c        0x0 /home/diego/intelFPGA_lite/20.1/nios2eds/bin/gnu/H-x86_64-pc-linux-gnu/bin/../lib/gcc/nios2-elf/10.1.1/../../../../../H-x86_64-pc-linux-gnu/nios2-elf/lib/mno-hw-mul/libc.a(lib_a-int_errno.o)
 .text          0x0000000000802b8c        0x0 /home/diego/intelFPGA_lite/20.1/nios2eds/bin/gnu/H-x86_64-pc-linux-gnu/bin/../lib/gcc/nios2-elf/10.1.1/../../../../../H-x86_64-pc-linux-gnu/nios2-elf/lib/mno-hw-mul/libc.a(lib_a-lseekr.o)
 .text._lseek_r
                0x0000000000802b8c       0x64 /home/diego/intelFPGA_lite/20.1/nios2eds/bin/gnu/H-x86_64-pc-linux-gnu/bin/../lib/gcc/nios2-elf/10.1.1/../../../../../H-x86_64-pc-linux-gnu/nios2-elf/lib/mno-hw-mul/libc.a(lib_a-lseekr.o)
                0x0000000000802b8c                _lseek_r
 .text          0x0000000000802bf0        0x0 /home/diego/intelFPGA_lite/20.1/nios2eds/bin/gnu/H-x86_64-pc-linux-gnu/bin/../lib/gcc/nios2-elf/10.1.1/../../../../../H-x86_64-pc-linux-gnu/nios2-elf/lib/mno-hw-mul/libc.a(lib_a-makebuf.o)
 .text.__smakebuf_r
                0x0000000000802bf0      0x1b0 /home/diego/intelFPGA_lite/20.1/nios2eds/bin/gnu/H-x86_64-pc-linux-gnu/bin/../lib/gcc/nios2-elf/10.1.1/../../../../../H-x86_64-pc-linux-gnu/nios2-elf/lib/mno-hw-mul/libc.a(lib_a-makebuf.o)
                0x0000000000802bf0                __smakebuf_r
 .text.__swhatbuf_r
                0x0000000000802da0       0x98 /home/diego/intelFPGA_lite/20.1/nios2eds/bin/gnu/H-x86_64-pc-linux-gnu/bin/../lib/gcc/nios2-elf/10.1.1/../../../../../H-x86_64-pc-linux-gnu/nios2-elf/lib/mno-hw-mul/libc.a(lib_a-makebuf.o)
                0x0000000000802da0                __swhatbuf_r
 .text          0x0000000000802e38        0x0 /home/diego/intelFPGA_lite/20.1/nios2eds/bin/gnu/H-x86_64-pc-linux-gnu/bin/../lib/gcc/nios2-elf/10.1.1/../../../../../H-x86_64-pc-linux-gnu/nios2-elf/lib/mno-hw-mul/libc.a(lib_a-readr.o)
 .text._read_r  0x0000000000802e38       0x64 /home/diego/intelFPGA_lite/20.1/nios2eds/bin/gnu/H-x86_64-pc-linux-gnu/bin/../lib/gcc/nios2-elf/10.1.1/../../../../../H-x86_64-pc-linux-gnu/nios2-elf/lib/mno-hw-mul/libc.a(lib_a-readr.o)
                0x0000000000802e38                _read_r
 .text          0x0000000000802e9c        0x0 /home/diego/intelFPGA_lite/20.1/nios2eds/bin/gnu/H-x86_64-pc-linux-gnu/bin/../lib/gcc/nios2-elf/10.1.1/../../../../../H-x86_64-pc-linux-gnu/nios2-elf/lib/mno-hw-mul/libc.a(lib_a-fstatr.o)
 .text._fstat_r
                0x0000000000802e9c       0x60 /home/diego/intelFPGA_lite/20.1/nios2eds/bin/gnu/H-x86_64-pc-linux-gnu/bin/../lib/gcc/nios2-elf/10.1.1/../../../../../H-x86_64-pc-linux-gnu/nios2-elf/lib/mno-hw-mul/libc.a(lib_a-fstatr.o)
                0x0000000000802e9c                _fstat_r
 .text          0x0000000000802efc        0x0 /home/diego/intelFPGA_lite/20.1/nios2eds/bin/gnu/H-x86_64-pc-linux-gnu/bin/../lib/gcc/nios2-elf/10.1.1/../../../../../H-x86_64-pc-linux-gnu/nios2-elf/lib/mno-hw-mul/libc.a(lib_a-isattyr.o)
 .text._isatty_r
                0x0000000000802efc       0x58 /home/diego/intelFPGA_lite/20.1/nios2eds/bin/gnu/H-x86_64-pc-linux-gnu/bin/../lib/gcc/nios2-elf/10.1.1/../../../../../H-x86_64-pc-linux-gnu/nios2-elf/lib/mno-hw-mul/libc.a(lib_a-isattyr.o)
                0x0000000000802efc                _isatty_r
 .text          0x0000000000802f54      0x1b4 /home/diego/intelFPGA_lite/20.1/nios2eds/bin/gnu/H-x86_64-pc-linux-gnu/bin/../lib/gcc/nios2-elf/10.1.1/mno-hw-mul/libgcc.a(lib2-divmod.o)
                0x0000000000802f54                __divsi3
                0x0000000000802fd4                __modsi3
                0x0000000000803048                __udivsi3
                0x00000000008030ac                __umodsi3
 .text          0x0000000000803108       0x28 /home/diego/intelFPGA_lite/20.1/nios2eds/bin/gnu/H-x86_64-pc-linux-gnu/bin/../lib/gcc/nios2-elf/10.1.1/mno-hw-mul/libgcc.a(lib2-mul.o)
                0x0000000000803108                __mulsi3
 .text          0x0000000000803130      0x118 /home/diego/documents/pathfinder/software/pathfinder_no_accel_bsp//libhal_bsp.a(alt_close.o)
                0x000000000080316c                close
 .text          0x0000000000803248       0x2c /home/diego/documents/pathfinder/software/pathfinder_no_accel_bsp//libhal_bsp.a(alt_dev.o)
 .text          0x0000000000803274        0x0 /home/diego/documents/pathfinder/software/pathfinder_no_accel_bsp//libhal_bsp.a(alt_errno.o)
 .text          0x0000000000803274       0xf8 /home/diego/documents/pathfinder/software/pathfinder_no_accel_bsp//libhal_bsp.a(alt_fstat.o)
                0x00000000008032b0                fstat
 .text          0x000000000080336c       0xec /home/diego/documents/pathfinder/software/pathfinder_no_accel_bsp//libhal_bsp.a(alt_isatty.o)
                0x00000000008033a8                isatty
 .text          0x0000000000803458       0xec /home/diego/documents/pathfinder/software/pathfinder_no_accel_bsp//libhal_bsp.a(alt_load.o)
                0x00000000008034c0                alt_load
 .text          0x0000000000803544      0x11c /home/diego/documents/pathfinder/software/pathfinder_no_accel_bsp//libhal_bsp.a(alt_lseek.o)
                0x0000000000803580                lseek
 .text          0x0000000000803660       0x7c /home/diego/documents/pathfinder/software/pathfinder_no_accel_bsp//libhal_bsp.a(alt_main.o)
                0x0000000000803660                alt_main
 .text          0x00000000008036dc       0x48 /home/diego/documents/pathfinder/software/pathfinder_no_accel_bsp//libhal_bsp.a(alt_malloc_lock.o)
                0x00000000008036dc                __malloc_lock
                0x0000000000803700                __malloc_unlock
 .text          0x0000000000803724      0x144 /home/diego/documents/pathfinder/software/pathfinder_no_accel_bsp//libhal_bsp.a(alt_read.o)
                0x0000000000803760                read
 .text          0x0000000000803868       0x70 /home/diego/documents/pathfinder/software/pathfinder_no_accel_bsp//libhal_bsp.a(alt_release_fd.o)
                0x0000000000803868                alt_release_fd
 .text          0x00000000008038d8       0xb8 /home/diego/documents/pathfinder/software/pathfinder_no_accel_bsp//libhal_bsp.a(alt_sbrk.o)
                0x00000000008038d8                sbrk
 .text          0x0000000000803990      0x140 /home/diego/documents/pathfinder/software/pathfinder_no_accel_bsp//libhal_bsp.a(alt_write.o)
                0x00000000008039cc                write
 .text          0x0000000000803ad0       0xd4 /home/diego/documents/pathfinder/software/pathfinder_no_accel_bsp//libhal_bsp.a(alt_sys_init.o)
                0x0000000000803b04                alt_irq_init
                0x0000000000803b40                alt_sys_init
 .text          0x0000000000803ba4      0x164 /home/diego/documents/pathfinder/software/pathfinder_no_accel_bsp//libhal_bsp.a(altera_avalon_jtag_uart_fd.o)
                0x0000000000803ba4                altera_avalon_jtag_uart_read_fd
                0x0000000000803c04                altera_avalon_jtag_uart_write_fd
                0x0000000000803c64                altera_avalon_jtag_uart_close_fd
                0x0000000000803cb4                altera_avalon_jtag_uart_ioctl_fd
 .text          0x0000000000803d08      0x3d4 /home/diego/documents/pathfinder/software/pathfinder_no_accel_bsp//libhal_bsp.a(altera_avalon_jtag_uart_init.o)
                0x0000000000803d08                altera_avalon_jtag_uart_init
                0x0000000000804074                altera_avalon_jtag_uart_close
 .text          0x00000000008040dc       0xf4 /home/diego/documents/pathfinder/software/pathfinder_no_accel_bsp//libhal_bsp.a(altera_avalon_jtag_uart_ioctl.o)
                0x00000000008040dc                altera_avalon_jtag_uart_ioctl
 .text          0x00000000008041d0      0x220 /home/diego/documents/pathfinder/software/pathfinder_no_accel_bsp//libhal_bsp.a(altera_avalon_jtag_uart_read.o)
                0x00000000008041d0                altera_avalon_jtag_uart_read
 .text          0x00000000008043f0      0x228 /home/diego/documents/pathfinder/software/pathfinder_no_accel_bsp//libhal_bsp.a(altera_avalon_jtag_uart_write.o)
                0x00000000008043f0                altera_avalon_jtag_uart_write
 .text          0x0000000000804618      0x100 /home/diego/documents/pathfinder/software/pathfinder_no_accel_bsp//libhal_bsp.a(altera_avalon_timer_sc.o)
                0x0000000000804694                alt_avalon_timer_sc_init
 .text          0x0000000000804718      0x134 /home/diego/documents/pathfinder/software/pathfinder_no_accel_bsp//libhal_bsp.a(alt_alarm_start.o)
                0x0000000000804718                alt_alarm_start
 .text          0x000000000080484c       0x4c /home/diego/documents/pathfinder/software/pathfinder_no_accel_bsp//libhal_bsp.a(alt_dcache_flush_all.o)
                0x000000000080484c                alt_dcache_flush_all
 .text          0x0000000000804898       0xe4 /home/diego/documents/pathfinder/software/pathfinder_no_accel_bsp//libhal_bsp.a(alt_dev_llist_insert.o)
                0x00000000008048d4                alt_dev_llist_insert
 .text          0x000000000080497c       0x64 /home/diego/documents/pathfinder/software/pathfinder_no_accel_bsp//libhal_bsp.a(alt_do_ctors.o)
                0x000000000080497c                _do_ctors
 .text          0x00000000008049e0       0x64 /home/diego/documents/pathfinder/software/pathfinder_no_accel_bsp//libhal_bsp.a(alt_do_dtors.o)
                0x00000000008049e0                _do_dtors
 .text          0x0000000000804a44       0x34 /home/diego/documents/pathfinder/software/pathfinder_no_accel_bsp//libhal_bsp.a(alt_icache_flush_all.o)
                0x0000000000804a44                alt_icache_flush_all
 .text          0x0000000000804a78      0x1b0 /home/diego/documents/pathfinder/software/pathfinder_no_accel_bsp//libhal_bsp.a(alt_iic.o)
                0x0000000000804a78                alt_ic_isr_register
                0x0000000000804ac8                alt_ic_irq_enable
                0x0000000000804b50                alt_ic_irq_disable
                0x0000000000804bdc                alt_ic_irq_enabled
 .text          0x0000000000804c28       0xe8 /home/diego/documents/pathfinder/software/pathfinder_no_accel_bsp//libhal_bsp.a(alt_iic_isr_register.o)
                0x0000000000804c28                alt_iic_isr_register
 .text          0x0000000000804d10      0x150 /home/diego/documents/pathfinder/software/pathfinder_no_accel_bsp//libhal_bsp.a(alt_io_redirect.o)
                0x0000000000804de4                alt_io_redirect
 .text          0x0000000000804e60        0x0 /home/diego/documents/pathfinder/software/pathfinder_no_accel_bsp//libhal_bsp.a(alt_irq_entry.o)
 .text          0x0000000000804e60        0x0 /home/diego/documents/pathfinder/software/pathfinder_no_accel_bsp//libhal_bsp.a(alt_irq_handler.o)
 .text          0x0000000000804e60        0x0 /home/diego/documents/pathfinder/software/pathfinder_no_accel_bsp//libhal_bsp.a(alt_irq_vars.o)
 .text          0x0000000000804e60      0x278 /home/diego/documents/pathfinder/software/pathfinder_no_accel_bsp//libhal_bsp.a(alt_open.o)
                0x0000000000804f78                open
 .text          0x00000000008050d8      0x1ac /home/diego/documents/pathfinder/software/pathfinder_no_accel_bsp//libhal_bsp.a(alt_tick.o)
                0x00000000008050d8                alt_alarm_stop
                0x000000000080517c                alt_tick
 .text          0x0000000000805284       0x24 /home/diego/documents/pathfinder/software/pathfinder_no_accel_bsp//libhal_bsp.a(altera_nios2_gen2_irq.o)
                0x0000000000805284                altera_nios2_gen2_irq_init
 .text          0x00000000008052a8        0x0 /home/diego/documents/pathfinder/software/pathfinder_no_accel_bsp//libhal_bsp.a(alt_exception_entry.o)
 .text          0x00000000008052a8       0x90 /home/diego/documents/pathfinder/software/pathfinder_no_accel_bsp//libhal_bsp.a(alt_find_dev.o)
                0x00000000008052a8                alt_find_dev
 .text          0x0000000000805338      0x108 /home/diego/documents/pathfinder/software/pathfinder_no_accel_bsp//libhal_bsp.a(alt_find_file.o)
                0x0000000000805338                alt_find_file
 .text          0x0000000000805440       0xb8 /home/diego/documents/pathfinder/software/pathfinder_no_accel_bsp//libhal_bsp.a(alt_get_fd.o)
                0x0000000000805440                alt_get_fd
 .text          0x00000000008054f8       0x90 /home/diego/documents/pathfinder/software/pathfinder_no_accel_bsp//libhal_bsp.a(alt_icache_flush.o)
                0x00000000008054f8                alt_icache_flush
 .text          0x0000000000805588       0x98 /home/diego/documents/pathfinder/software/pathfinder_no_accel_bsp//libhal_bsp.a(alt_instruction_exception_entry.o)
                0x0000000000805588                alt_exception_cause_generated_bad_addr
 .text          0x0000000000805620        0x0 /home/diego/intelFPGA_lite/20.1/nios2eds/bin/gnu/H-x86_64-pc-linux-gnu/bin/../lib/gcc/nios2-elf/10.1.1/../../../../../H-x86_64-pc-linux-gnu/nios2-elf/lib/mno-hw-mul/libc.a(lib_a-atexit.o)
 .text.atexit   0x0000000000805620       0x14 /home/diego/intelFPGA_lite/20.1/nios2eds/bin/gnu/H-x86_64-pc-linux-gnu/bin/../lib/gcc/nios2-elf/10.1.1/../../../../../H-x86_64-pc-linux-gnu/nios2-elf/lib/mno-hw-mul/libc.a(lib_a-atexit.o)
                0x0000000000805620                atexit
 .text          0x0000000000805634        0x0 /home/diego/intelFPGA_lite/20.1/nios2eds/bin/gnu/H-x86_64-pc-linux-gnu/bin/../lib/gcc/nios2-elf/10.1.1/../../../../../H-x86_64-pc-linux-gnu/nios2-elf/lib/mno-hw-mul/libc.a(lib_a-exit.o)
 .text.exit     0x0000000000805634       0x34 /home/diego/intelFPGA_lite/20.1/nios2eds/bin/gnu/H-x86_64-pc-linux-gnu/bin/../lib/gcc/nios2-elf/10.1.1/../../../../../H-x86_64-pc-linux-gnu/nios2-elf/lib/mno-hw-mul/libc.a(lib_a-exit.o)
                0x0000000000805634                exit
 .text          0x0000000000805668        0x0 /home/diego/intelFPGA_lite/20.1/nios2eds/bin/gnu/H-x86_64-pc-linux-gnu/bin/../lib/gcc/nios2-elf/10.1.1/../../../../../H-x86_64-pc-linux-gnu/nios2-elf/lib/mno-hw-mul/libc.a(lib_a-memcmp.o)
 .text.memcmp   0x0000000000805668       0x78 /home/diego/intelFPGA_lite/20.1/nios2eds/bin/gnu/H-x86_64-pc-linux-gnu/bin/../lib/gcc/nios2-elf/10.1.1/../../../../../H-x86_64-pc-linux-gnu/nios2-elf/lib/mno-hw-mul/libc.a(lib_a-memcmp.o)
                0x0000000000805668                memcmp
 .text          0x00000000008056e0        0x0 /home/diego/intelFPGA_lite/20.1/nios2eds/bin/gnu/H-x86_64-pc-linux-gnu/bin/../lib/gcc/nios2-elf/10.1.1/../../../../../H-x86_64-pc-linux-gnu/nios2-elf/lib/mno-hw-mul/libc.a(lib_a-__atexit.o)
 .text.__register_exitproc
                0x00000000008056e0       0x90 /home/diego/intelFPGA_lite/20.1/nios2eds/bin/gnu/H-x86_64-pc-linux-gnu/bin/../lib/gcc/nios2-elf/10.1.1/../../../../../H-x86_64-pc-linux-gnu/nios2-elf/lib/mno-hw-mul/libc.a(lib_a-__atexit.o)
                0x00000000008056e0                __register_exitproc
 .text          0x0000000000805770        0x0 /home/diego/intelFPGA_lite/20.1/nios2eds/bin/gnu/H-x86_64-pc-linux-gnu/bin/../lib/gcc/nios2-elf/10.1.1/../../../../../H-x86_64-pc-linux-gnu/nios2-elf/lib/mno-hw-mul/libc.a(lib_a-__call_atexit.o)
 .text.__call_exitprocs
                0x0000000000805770      0x120 /home/diego/intelFPGA_lite/20.1/nios2eds/bin/gnu/H-x86_64-pc-linux-gnu/bin/../lib/gcc/nios2-elf/10.1.1/../../../../../H-x86_64-pc-linux-gnu/nios2-elf/lib/mno-hw-mul/libc.a(lib_a-__call_atexit.o)
                0x0000000000805770                __call_exitprocs
 .text          0x0000000000805890       0x38 /home/diego/documents/pathfinder/software/pathfinder_no_accel_bsp//libhal_bsp.a(alt_exit.o)
                0x0000000000805890                _exit
 *(.gnu.warning.*)
 *(.fini)
                [!provide]                        PROVIDE (__etext = ABSOLUTE (.))
                [!provide]                        PROVIDE (_etext = ABSOLUTE (.))
                [!provide]                        PROVIDE (etext = ABSOLUTE (.))
 *(.eh_frame_hdr)
                0x00000000008058c8                . = ALIGN (0x4)
                [!provide]                        PROVIDE (__preinit_array_start = ABSOLUTE (.))
 *(.preinit_array)
                [!provide]                        PROVIDE (__preinit_array_end = ABSOLUTE (.))
                [!provide]                        PROVIDE (__init_array_start = ABSOLUTE (.))
 *(.init_array)
                [!provide]                        PROVIDE (__init_array_end = ABSOLUTE (.))
                [!provide]                        PROVIDE (__fini_array_start = ABSOLUTE (.))
 *(.fini_array)
                [!provide]                        PROVIDE (__fini_array_end = ABSOLUTE (.))
 *(.eh_frame)
 *(.gcc_except_table .gcc_except_table.*)
 *(.dynamic)
                0x00000000008058c8                PROVIDE (__CTOR_LIST__ = ABSOLUTE (.))
 *(.ctors)
 *(SORT_BY_NAME(.ctors.*))
                0x00000000008058c8                PROVIDE (__CTOR_END__ = ABSOLUTE (.))
                0x00000000008058c8                PROVIDE (__DTOR_LIST__ = ABSOLUTE (.))
 *(.dtors)
 *(SORT_BY_NAME(.dtors.*))
                0x00000000008058c8                PROVIDE (__DTOR_END__ = ABSOLUTE (.))
 *(.jcr)
                0x00000000008058c8                . = ALIGN (0x4)

.rodata         0x00000000008058c8       0x44
                0x00000000008058c8                PROVIDE (__ram_rodata_start = ABSOLUTE (.))
                0x00000000008058c8                . = ALIGN (0x4)
 *(.rodata .rodata.* .gnu.linkonce.r.*)
 .rodata        0x00000000008058c8       0x14 obj/default/hello_world.o
 .rodata._puts_r.str1.4
                0x00000000008058dc        0x2 /home/diego/intelFPGA_lite/20.1/nios2eds/bin/gnu/H-x86_64-pc-linux-gnu/bin/../lib/gcc/nios2-elf/10.1.1/../../../../../H-x86_64-pc-linux-gnu/nios2-elf/lib/mno-hw-mul/libc.a(lib_a-puts.o)
 *fill*         0x00000000008058de        0x2 
 .rodata        0x00000000008058e0        0xa /home/diego/documents/pathfinder/software/pathfinder_no_accel_bsp//libhal_bsp.a(alt_dev.o)
 *fill*         0x00000000008058ea        0x2 
 .rodata        0x00000000008058ec        0xf /home/diego/documents/pathfinder/software/pathfinder_no_accel_bsp//libhal_bsp.a(alt_main.o)
 *fill*         0x00000000008058fb        0x1 
 .rodata        0x00000000008058fc        0xf /home/diego/documents/pathfinder/software/pathfinder_no_accel_bsp//libhal_bsp.a(alt_sys_init.o)
 *(.rodata1)
                0x000000000080590c                . = ALIGN (0x4)
 *fill*         0x000000000080590b        0x1 
                0x000000000080590c                PROVIDE (__ram_rodata_end = ABSOLUTE (.))
                0x00000000008058c8                PROVIDE (__flash_rodata_start = LOADADDR (.rodata))

.rwdata         0x000000000080590c     0x1a6c load address 0x0000000000807378
                0x000000000080590c                PROVIDE (__ram_rwdata_start = ABSOLUTE (.))
                0x000000000080590c                . = ALIGN (0x4)
 *(.got.plt)
 *(.got)
 *(.data1)
 *(.data .data.* .gnu.linkonce.d.*)
 .data          0x000000000080590c        0x0 /home/diego/documents/pathfinder/software/pathfinder_no_accel_bsp//obj/HAL/src/crt0.o
 .data          0x000000000080590c        0x0 obj/default/hello_world.o
 .data          0x000000000080590c        0x0 /home/diego/intelFPGA_lite/20.1/nios2eds/bin/gnu/H-x86_64-pc-linux-gnu/bin/../lib/gcc/nios2-elf/10.1.1/../../../../../H-x86_64-pc-linux-gnu/nios2-elf/lib/mno-hw-mul/libc.a(lib_a-puts.o)
 .data          0x000000000080590c        0x0 /home/diego/intelFPGA_lite/20.1/nios2eds/bin/gnu/H-x86_64-pc-linux-gnu/bin/../lib/gcc/nios2-elf/10.1.1/../../../../../H-x86_64-pc-linux-gnu/nios2-elf/lib/mno-hw-mul/libc.a(lib_a-strlen.o)
 .data          0x000000000080590c        0x0 /home/diego/intelFPGA_lite/20.1/nios2eds/bin/gnu/H-x86_64-pc-linux-gnu/bin/../lib/gcc/nios2-elf/10.1.1/../../../../../H-x86_64-pc-linux-gnu/nios2-elf/lib/mno-hw-mul/libc.a(lib_a-findfp.o)
 .data          0x000000000080590c        0x0 /home/diego/intelFPGA_lite/20.1/nios2eds/bin/gnu/H-x86_64-pc-linux-gnu/bin/../lib/gcc/nios2-elf/10.1.1/../../../../../H-x86_64-pc-linux-gnu/nios2-elf/lib/mno-hw-mul/libc.a(lib_a-fvwrite.o)
 .data          0x000000000080590c        0x0 /home/diego/intelFPGA_lite/20.1/nios2eds/bin/gnu/H-x86_64-pc-linux-gnu/bin/../lib/gcc/nios2-elf/10.1.1/../../../../../H-x86_64-pc-linux-gnu/nios2-elf/lib/mno-hw-mul/libc.a(lib_a-fwalk.o)
 .data          0x000000000080590c        0x0 /home/diego/intelFPGA_lite/20.1/nios2eds/bin/gnu/H-x86_64-pc-linux-gnu/bin/../lib/gcc/nios2-elf/10.1.1/../../../../../H-x86_64-pc-linux-gnu/nios2-elf/lib/mno-hw-mul/libc.a(lib_a-impure.o)
 .data.impure_data
                0x000000000080590c      0x424 /home/diego/intelFPGA_lite/20.1/nios2eds/bin/gnu/H-x86_64-pc-linux-gnu/bin/../lib/gcc/nios2-elf/10.1.1/../../../../../H-x86_64-pc-linux-gnu/nios2-elf/lib/mno-hw-mul/libc.a(lib_a-impure.o)
 .data          0x0000000000805d30        0x0 /home/diego/intelFPGA_lite/20.1/nios2eds/bin/gnu/H-x86_64-pc-linux-gnu/bin/../lib/gcc/nios2-elf/10.1.1/../../../../../H-x86_64-pc-linux-gnu/nios2-elf/lib/mno-hw-mul/libc.a(lib_a-mallocr.o)
 .data.__malloc_av_
                0x0000000000805d30      0x408 /home/diego/intelFPGA_lite/20.1/nios2eds/bin/gnu/H-x86_64-pc-linux-gnu/bin/../lib/gcc/nios2-elf/10.1.1/../../../../../H-x86_64-pc-linux-gnu/nios2-elf/lib/mno-hw-mul/libc.a(lib_a-mallocr.o)
                0x0000000000805d30                __malloc_av_
 .data          0x0000000000806138        0x0 /home/diego/intelFPGA_lite/20.1/nios2eds/bin/gnu/H-x86_64-pc-linux-gnu/bin/../lib/gcc/nios2-elf/10.1.1/../../../../../H-x86_64-pc-linux-gnu/nios2-elf/lib/mno-hw-mul/libc.a(lib_a-memchr.o)
 .data          0x0000000000806138        0x0 /home/diego/intelFPGA_lite/20.1/nios2eds/bin/gnu/H-x86_64-pc-linux-gnu/bin/../lib/gcc/nios2-elf/10.1.1/../../../../../H-x86_64-pc-linux-gnu/nios2-elf/lib/mno-hw-mul/libc.a(lib_a-memcpy.o)
 .data          0x0000000000806138        0x0 /home/diego/intelFPGA_lite/20.1/nios2eds/bin/gnu/H-x86_64-pc-linux-gnu/bin/../lib/gcc/nios2-elf/10.1.1/../../../../../H-x86_64-pc-linux-gnu/nios2-elf/lib/mno-hw-mul/libc.a(lib_a-memmove.o)
 .data          0x0000000000806138        0x0 /home/diego/intelFPGA_lite/20.1/nios2eds/bin/gnu/H-x86_64-pc-linux-gnu/bin/../lib/gcc/nios2-elf/10.1.1/../../../../../H-x86_64-pc-linux-gnu/nios2-elf/lib/mno-hw-mul/libc.a(lib_a-memset.o)
 .data          0x0000000000806138        0x0 /home/diego/intelFPGA_lite/20.1/nios2eds/bin/gnu/H-x86_64-pc-linux-gnu/bin/../lib/gcc/nios2-elf/10.1.1/../../../../../H-x86_64-pc-linux-gnu/nios2-elf/lib/mno-hw-mul/libc.a(lib_a-reallocr.o)
 .data          0x0000000000806138        0x0 /home/diego/intelFPGA_lite/20.1/nios2eds/bin/gnu/H-x86_64-pc-linux-gnu/bin/../lib/gcc/nios2-elf/10.1.1/../../../../../H-x86_64-pc-linux-gnu/nios2-elf/lib/mno-hw-mul/libc.a(lib_a-sbrkr.o)
 .data          0x0000000000806138        0x0 /home/diego/intelFPGA_lite/20.1/nios2eds/bin/gnu/H-x86_64-pc-linux-gnu/bin/../lib/gcc/nios2-elf/10.1.1/../../../../../H-x86_64-pc-linux-gnu/nios2-elf/lib/mno-hw-mul/libc.a(lib_a-stdio.o)
 .data          0x0000000000806138        0x0 /home/diego/intelFPGA_lite/20.1/nios2eds/bin/gnu/H-x86_64-pc-linux-gnu/bin/../lib/gcc/nios2-elf/10.1.1/../../../../../H-x86_64-pc-linux-gnu/nios2-elf/lib/mno-hw-mul/libc.a(lib_a-writer.o)
 .data          0x0000000000806138        0x0 /home/diego/intelFPGA_lite/20.1/nios2eds/bin/gnu/H-x86_64-pc-linux-gnu/bin/../lib/gcc/nios2-elf/10.1.1/../../../../../H-x86_64-pc-linux-gnu/nios2-elf/lib/mno-hw-mul/libc.a(lib_a-wsetup.o)
 .data          0x0000000000806138        0x0 /home/diego/intelFPGA_lite/20.1/nios2eds/bin/gnu/H-x86_64-pc-linux-gnu/bin/../lib/gcc/nios2-elf/10.1.1/../../../../../H-x86_64-pc-linux-gnu/nios2-elf/lib/mno-hw-mul/libc.a(closer.o)
 .data          0x0000000000806138        0x0 /home/diego/intelFPGA_lite/20.1/nios2eds/bin/gnu/H-x86_64-pc-linux-gnu/bin/../lib/gcc/nios2-elf/10.1.1/../../../../../H-x86_64-pc-linux-gnu/nios2-elf/lib/mno-hw-mul/libc.a(lib_a-fclose.o)
 .data          0x0000000000806138        0x0 /home/diego/intelFPGA_lite/20.1/nios2eds/bin/gnu/H-x86_64-pc-linux-gnu/bin/../lib/gcc/nios2-elf/10.1.1/../../../../../H-x86_64-pc-linux-gnu/nios2-elf/lib/mno-hw-mul/libc.a(lib_a-fflush.o)
 .data          0x0000000000806138        0x0 /home/diego/intelFPGA_lite/20.1/nios2eds/bin/gnu/H-x86_64-pc-linux-gnu/bin/../lib/gcc/nios2-elf/10.1.1/../../../../../H-x86_64-pc-linux-gnu/nios2-elf/lib/mno-hw-mul/libc.a(lib_a-freer.o)
 .data          0x0000000000806138        0x0 /home/diego/intelFPGA_lite/20.1/nios2eds/bin/gnu/H-x86_64-pc-linux-gnu/bin/../lib/gcc/nios2-elf/10.1.1/../../../../../H-x86_64-pc-linux-gnu/nios2-elf/lib/mno-hw-mul/libc.a(lib_a-int_errno.o)
 .data          0x0000000000806138        0x0 /home/diego/intelFPGA_lite/20.1/nios2eds/bin/gnu/H-x86_64-pc-linux-gnu/bin/../lib/gcc/nios2-elf/10.1.1/../../../../../H-x86_64-pc-linux-gnu/nios2-elf/lib/mno-hw-mul/libc.a(lib_a-lseekr.o)
 .data          0x0000000000806138        0x0 /home/diego/intelFPGA_lite/20.1/nios2eds/bin/gnu/H-x86_64-pc-linux-gnu/bin/../lib/gcc/nios2-elf/10.1.1/../../../../../H-x86_64-pc-linux-gnu/nios2-elf/lib/mno-hw-mul/libc.a(lib_a-makebuf.o)
 .data          0x0000000000806138        0x0 /home/diego/intelFPGA_lite/20.1/nios2eds/bin/gnu/H-x86_64-pc-linux-gnu/bin/../lib/gcc/nios2-elf/10.1.1/../../../../../H-x86_64-pc-linux-gnu/nios2-elf/lib/mno-hw-mul/libc.a(lib_a-readr.o)
 .data          0x0000000000806138        0x0 /home/diego/intelFPGA_lite/20.1/nios2eds/bin/gnu/H-x86_64-pc-linux-gnu/bin/../lib/gcc/nios2-elf/10.1.1/../../../../../H-x86_64-pc-linux-gnu/nios2-elf/lib/mno-hw-mul/libc.a(lib_a-fstatr.o)
 .data          0x0000000000806138        0x0 /home/diego/intelFPGA_lite/20.1/nios2eds/bin/gnu/H-x86_64-pc-linux-gnu/bin/../lib/gcc/nios2-elf/10.1.1/../../../../../H-x86_64-pc-linux-gnu/nios2-elf/lib/mno-hw-mul/libc.a(lib_a-isattyr.o)
 .data          0x0000000000806138        0x0 /home/diego/intelFPGA_lite/20.1/nios2eds/bin/gnu/H-x86_64-pc-linux-gnu/bin/../lib/gcc/nios2-elf/10.1.1/mno-hw-mul/libgcc.a(lib2-divmod.o)
 .data          0x0000000000806138        0x0 /home/diego/intelFPGA_lite/20.1/nios2eds/bin/gnu/H-x86_64-pc-linux-gnu/bin/../lib/gcc/nios2-elf/10.1.1/mno-hw-mul/libgcc.a(lib2-mul.o)
 .data          0x0000000000806138        0x0 /home/diego/documents/pathfinder/software/pathfinder_no_accel_bsp//libhal_bsp.a(alt_close.o)
 .data          0x0000000000806138      0x1a8 /home/diego/documents/pathfinder/software/pathfinder_no_accel_bsp//libhal_bsp.a(alt_dev.o)
                0x0000000000806138                alt_dev_null
                0x0000000000806160                alt_fd_list
 .data          0x00000000008062e0        0x0 /home/diego/documents/pathfinder/software/pathfinder_no_accel_bsp//libhal_bsp.a(alt_errno.o)
 .data          0x00000000008062e0        0x0 /home/diego/documents/pathfinder/software/pathfinder_no_accel_bsp//libhal_bsp.a(alt_fstat.o)
 .data          0x00000000008062e0        0x0 /home/diego/documents/pathfinder/software/pathfinder_no_accel_bsp//libhal_bsp.a(alt_isatty.o)
 .data          0x00000000008062e0        0x0 /home/diego/documents/pathfinder/software/pathfinder_no_accel_bsp//libhal_bsp.a(alt_load.o)
 .data          0x00000000008062e0        0x0 /home/diego/documents/pathfinder/software/pathfinder_no_accel_bsp//libhal_bsp.a(alt_lseek.o)
 .data          0x00000000008062e0        0x0 /home/diego/documents/pathfinder/software/pathfinder_no_accel_bsp//libhal_bsp.a(alt_main.o)
 .data          0x00000000008062e0        0x0 /home/diego/documents/pathfinder/software/pathfinder_no_accel_bsp//libhal_bsp.a(alt_malloc_lock.o)
 .data          0x00000000008062e0        0x0 /home/diego/documents/pathfinder/software/pathfinder_no_accel_bsp//libhal_bsp.a(alt_read.o)
 .data          0x00000000008062e0        0x0 /home/diego/documents/pathfinder/software/pathfinder_no_accel_bsp//libhal_bsp.a(alt_release_fd.o)
 .data          0x00000000008062e0        0x0 /home/diego/documents/pathfinder/software/pathfinder_no_accel_bsp//libhal_bsp.a(alt_sbrk.o)
 .data          0x00000000008062e0        0x0 /home/diego/documents/pathfinder/software/pathfinder_no_accel_bsp//libhal_bsp.a(alt_write.o)
 .data          0x00000000008062e0     0x1060 /home/diego/documents/pathfinder/software/pathfinder_no_accel_bsp//libhal_bsp.a(alt_sys_init.o)
 .data          0x0000000000807340        0x0 /home/diego/documents/pathfinder/software/pathfinder_no_accel_bsp//libhal_bsp.a(altera_avalon_jtag_uart_fd.o)
 .data          0x0000000000807340        0x0 /home/diego/documents/pathfinder/software/pathfinder_no_accel_bsp//libhal_bsp.a(altera_avalon_jtag_uart_init.o)
 .data          0x0000000000807340        0x0 /home/diego/documents/pathfinder/software/pathfinder_no_accel_bsp//libhal_bsp.a(altera_avalon_jtag_uart_ioctl.o)
 .data          0x0000000000807340        0x0 /home/diego/documents/pathfinder/software/pathfinder_no_accel_bsp//libhal_bsp.a(altera_avalon_jtag_uart_read.o)
 .data          0x0000000000807340        0x0 /home/diego/documents/pathfinder/software/pathfinder_no_accel_bsp//libhal_bsp.a(altera_avalon_jtag_uart_write.o)
 .data          0x0000000000807340        0x0 /home/diego/documents/pathfinder/software/pathfinder_no_accel_bsp//libhal_bsp.a(altera_avalon_timer_sc.o)
 .data          0x0000000000807340        0x0 /home/diego/documents/pathfinder/software/pathfinder_no_accel_bsp//libhal_bsp.a(alt_alarm_start.o)
 .data          0x0000000000807340        0x0 /home/diego/documents/pathfinder/software/pathfinder_no_accel_bsp//libhal_bsp.a(alt_dcache_flush_all.o)
 .data          0x0000000000807340        0x0 /home/diego/documents/pathfinder/software/pathfinder_no_accel_bsp//libhal_bsp.a(alt_dev_llist_insert.o)
 .data          0x0000000000807340        0x0 /home/diego/documents/pathfinder/software/pathfinder_no_accel_bsp//libhal_bsp.a(alt_do_ctors.o)
 .data          0x0000000000807340        0x0 /home/diego/documents/pathfinder/software/pathfinder_no_accel_bsp//libhal_bsp.a(alt_do_dtors.o)
 .data          0x0000000000807340        0x0 /home/diego/documents/pathfinder/software/pathfinder_no_accel_bsp//libhal_bsp.a(alt_icache_flush_all.o)
 .data          0x0000000000807340        0x0 /home/diego/documents/pathfinder/software/pathfinder_no_accel_bsp//libhal_bsp.a(alt_iic.o)
 .data          0x0000000000807340        0x0 /home/diego/documents/pathfinder/software/pathfinder_no_accel_bsp//libhal_bsp.a(alt_iic_isr_register.o)
 .data          0x0000000000807340        0x0 /home/diego/documents/pathfinder/software/pathfinder_no_accel_bsp//libhal_bsp.a(alt_io_redirect.o)
 .data          0x0000000000807340        0x0 /home/diego/documents/pathfinder/software/pathfinder_no_accel_bsp//libhal_bsp.a(alt_irq_entry.o)
 .data          0x0000000000807340        0x0 /home/diego/documents/pathfinder/software/pathfinder_no_accel_bsp//libhal_bsp.a(alt_irq_handler.o)
 .data          0x0000000000807340        0x0 /home/diego/documents/pathfinder/software/pathfinder_no_accel_bsp//libhal_bsp.a(alt_irq_vars.o)
 .data          0x0000000000807340        0x0 /home/diego/documents/pathfinder/software/pathfinder_no_accel_bsp//libhal_bsp.a(alt_open.o)
 .data          0x0000000000807340        0x0 /home/diego/documents/pathfinder/software/pathfinder_no_accel_bsp//libhal_bsp.a(alt_tick.o)
 .data          0x0000000000807340        0x0 /home/diego/documents/pathfinder/software/pathfinder_no_accel_bsp//libhal_bsp.a(altera_nios2_gen2_irq.o)
 .data          0x0000000000807340        0x0 /home/diego/documents/pathfinder/software/pathfinder_no_accel_bsp//libhal_bsp.a(alt_exception_entry.o)
 .data          0x0000000000807340        0x0 /home/diego/documents/pathfinder/software/pathfinder_no_accel_bsp//libhal_bsp.a(alt_find_dev.o)
 .data          0x0000000000807340        0x0 /home/diego/documents/pathfinder/software/pathfinder_no_accel_bsp//libhal_bsp.a(alt_find_file.o)
 .data          0x0000000000807340        0x0 /home/diego/documents/pathfinder/software/pathfinder_no_accel_bsp//libhal_bsp.a(alt_get_fd.o)
 .data          0x0000000000807340        0x0 /home/diego/documents/pathfinder/software/pathfinder_no_accel_bsp//libhal_bsp.a(alt_icache_flush.o)
 .data          0x0000000000807340        0x0 /home/diego/documents/pathfinder/software/pathfinder_no_accel_bsp//libhal_bsp.a(alt_instruction_exception_entry.o)
 .data          0x0000000000807340        0x0 /home/diego/intelFPGA_lite/20.1/nios2eds/bin/gnu/H-x86_64-pc-linux-gnu/bin/../lib/gcc/nios2-elf/10.1.1/../../../../../H-x86_64-pc-linux-gnu/nios2-elf/lib/mno-hw-mul/libc.a(lib_a-atexit.o)
 .data          0x0000000000807340        0x0 /home/diego/intelFPGA_lite/20.1/nios2eds/bin/gnu/H-x86_64-pc-linux-gnu/bin/../lib/gcc/nios2-elf/10.1.1/../../../../../H-x86_64-pc-linux-gnu/nios2-elf/lib/mno-hw-mul/libc.a(lib_a-exit.o)
 .data          0x0000000000807340        0x0 /home/diego/intelFPGA_lite/20.1/nios2eds/bin/gnu/H-x86_64-pc-linux-gnu/bin/../lib/gcc/nios2-elf/10.1.1/../../../../../H-x86_64-pc-linux-gnu/nios2-elf/lib/mno-hw-mul/libc.a(lib_a-memcmp.o)
 .data          0x0000000000807340        0x0 /home/diego/intelFPGA_lite/20.1/nios2eds/bin/gnu/H-x86_64-pc-linux-gnu/bin/../lib/gcc/nios2-elf/10.1.1/../../../../../H-x86_64-pc-linux-gnu/nios2-elf/lib/mno-hw-mul/libc.a(lib_a-__atexit.o)
 .data          0x0000000000807340        0x0 /home/diego/intelFPGA_lite/20.1/nios2eds/bin/gnu/H-x86_64-pc-linux-gnu/bin/../lib/gcc/nios2-elf/10.1.1/../../../../../H-x86_64-pc-linux-gnu/nios2-elf/lib/mno-hw-mul/libc.a(lib_a-__call_atexit.o)
 .data          0x0000000000807340        0x0 /home/diego/documents/pathfinder/software/pathfinder_no_accel_bsp//libhal_bsp.a(alt_exit.o)
                0x000000000080f340                _gp = ABSOLUTE ((. + 0x8000))
                [!provide]                        PROVIDE (gp = _gp)
 *(.rwdata .rwdata.*)
 *(.sdata .sdata.* .gnu.linkonce.s.*)
 .sdata._global_impure_ptr
                0x0000000000807340        0x4 /home/diego/intelFPGA_lite/20.1/nios2eds/bin/gnu/H-x86_64-pc-linux-gnu/bin/../lib/gcc/nios2-elf/10.1.1/../../../../../H-x86_64-pc-linux-gnu/nios2-elf/lib/mno-hw-mul/libc.a(lib_a-impure.o)
                0x0000000000807340                _global_impure_ptr
 .sdata._impure_ptr
                0x0000000000807344        0x4 /home/diego/intelFPGA_lite/20.1/nios2eds/bin/gnu/H-x86_64-pc-linux-gnu/bin/../lib/gcc/nios2-elf/10.1.1/../../../../../H-x86_64-pc-linux-gnu/nios2-elf/lib/mno-hw-mul/libc.a(lib_a-impure.o)
                0x0000000000807344                _impure_ptr
 .sdata.__malloc_sbrk_base
                0x0000000000807348        0x4 /home/diego/intelFPGA_lite/20.1/nios2eds/bin/gnu/H-x86_64-pc-linux-gnu/bin/../lib/gcc/nios2-elf/10.1.1/../../../../../H-x86_64-pc-linux-gnu/nios2-elf/lib/mno-hw-mul/libc.a(lib_a-mallocr.o)
                0x0000000000807348                __malloc_sbrk_base
 .sdata.__malloc_trim_threshold
                0x000000000080734c        0x4 /home/diego/intelFPGA_lite/20.1/nios2eds/bin/gnu/H-x86_64-pc-linux-gnu/bin/../lib/gcc/nios2-elf/10.1.1/../../../../../H-x86_64-pc-linux-gnu/nios2-elf/lib/mno-hw-mul/libc.a(lib_a-mallocr.o)
                0x000000000080734c                __malloc_trim_threshold
 .sdata         0x0000000000807350       0x14 /home/diego/documents/pathfinder/software/pathfinder_no_accel_bsp//libhal_bsp.a(alt_dev.o)
                0x0000000000807350                alt_fs_list
                0x0000000000807358                alt_dev_list
                0x0000000000807360                alt_max_fd
 .sdata         0x0000000000807364        0x4 /home/diego/documents/pathfinder/software/pathfinder_no_accel_bsp//libhal_bsp.a(alt_errno.o)
                0x0000000000807364                alt_errno
 .sdata         0x0000000000807368        0x4 /home/diego/documents/pathfinder/software/pathfinder_no_accel_bsp//libhal_bsp.a(alt_sbrk.o)
 .sdata         0x000000000080736c        0x4 /home/diego/documents/pathfinder/software/pathfinder_no_accel_bsp//libhal_bsp.a(alt_irq_vars.o)
                0x000000000080736c                alt_priority_mask
 .sdata         0x0000000000807370        0x8 /home/diego/documents/pathfinder/software/pathfinder_no_accel_bsp//libhal_bsp.a(alt_tick.o)
                0x0000000000807370                alt_alarm_list
 *(.sdata2 .sdata2.* .gnu.linkonce.s2.*)
                0x0000000000807378                . = ALIGN (0x4)
                0x0000000000807378                _edata = ABSOLUTE (.)
                [!provide]                        PROVIDE (edata = ABSOLUTE (.))
                0x0000000000807378                PROVIDE (__ram_rwdata_end = ABSOLUTE (.))
                0x0000000000807378                PROVIDE (__flash_rwdata_start = LOADADDR (.rwdata))

.bss            0x0000000000808de4      0x154
                0x0000000000808de4                __bss_start = ABSOLUTE (.)
                [!provide]                        PROVIDE (__sbss_start = ABSOLUTE (.))
                [!provide]                        PROVIDE (___sbss_start = ABSOLUTE (.))
 *(.dynsbss)
 *(.sbss .sbss.* .gnu.linkonce.sb.*)
 .sbss.__malloc_max_total_mem
                0x0000000000808de4        0x4 /home/diego/intelFPGA_lite/20.1/nios2eds/bin/gnu/H-x86_64-pc-linux-gnu/bin/../lib/gcc/nios2-elf/10.1.1/../../../../../H-x86_64-pc-linux-gnu/nios2-elf/lib/mno-hw-mul/libc.a(lib_a-mallocr.o)
                0x0000000000808de4                __malloc_max_total_mem
 .sbss.__malloc_max_sbrked_mem
                0x0000000000808de8        0x4 /home/diego/intelFPGA_lite/20.1/nios2eds/bin/gnu/H-x86_64-pc-linux-gnu/bin/../lib/gcc/nios2-elf/10.1.1/../../../../../H-x86_64-pc-linux-gnu/nios2-elf/lib/mno-hw-mul/libc.a(lib_a-mallocr.o)
                0x0000000000808de8                __malloc_max_sbrked_mem
 .sbss.__malloc_top_pad
                0x0000000000808dec        0x4 /home/diego/intelFPGA_lite/20.1/nios2eds/bin/gnu/H-x86_64-pc-linux-gnu/bin/../lib/gcc/nios2-elf/10.1.1/../../../../../H-x86_64-pc-linux-gnu/nios2-elf/lib/mno-hw-mul/libc.a(lib_a-mallocr.o)
                0x0000000000808dec                __malloc_top_pad
 .sbss.errno    0x0000000000808df0        0x4 /home/diego/intelFPGA_lite/20.1/nios2eds/bin/gnu/H-x86_64-pc-linux-gnu/bin/../lib/gcc/nios2-elf/10.1.1/../../../../../H-x86_64-pc-linux-gnu/nios2-elf/lib/mno-hw-mul/libc.a(lib_a-int_errno.o)
                0x0000000000808df0                errno
 .sbss          0x0000000000808df4        0xc /home/diego/documents/pathfinder/software/pathfinder_no_accel_bsp//libhal_bsp.a(alt_main.o)
                0x0000000000808df4                alt_argc
                0x0000000000808df8                alt_argv
                0x0000000000808dfc                alt_envp
 .sbss          0x0000000000808e00        0x4 /home/diego/documents/pathfinder/software/pathfinder_no_accel_bsp//libhal_bsp.a(alt_irq_vars.o)
                0x0000000000808e00                alt_irq_active
 .sbss          0x0000000000808e04        0x8 /home/diego/documents/pathfinder/software/pathfinder_no_accel_bsp//libhal_bsp.a(alt_tick.o)
                0x0000000000808e04                _alt_tick_rate
                0x0000000000808e08                _alt_nticks
 .sbss          0x0000000000808e0c        0x4 /home/diego/documents/pathfinder/software/pathfinder_no_accel_bsp//libhal_bsp.a(alt_instruction_exception_entry.o)
                0x0000000000808e0c                alt_instruction_exception_handler
 *(.sbss2 .sbss2.* .gnu.linkonce.sb2.*)
 *(.scommon)
                [!provide]                        PROVIDE (__sbss_end = ABSOLUTE (.))
                [!provide]                        PROVIDE (___sbss_end = ABSOLUTE (.))
 *(.dynbss)
 *(.bss .bss.* .gnu.linkonce.b.*)
 .bss           0x0000000000808e10        0x0 /home/diego/documents/pathfinder/software/pathfinder_no_accel_bsp//obj/HAL/src/crt0.o
 .bss           0x0000000000808e10        0x0 obj/default/hello_world.o
 .bss           0x0000000000808e10        0x0 /home/diego/intelFPGA_lite/20.1/nios2eds/bin/gnu/H-x86_64-pc-linux-gnu/bin/../lib/gcc/nios2-elf/10.1.1/../../../../../H-x86_64-pc-linux-gnu/nios2-elf/lib/mno-hw-mul/libc.a(lib_a-puts.o)
 .bss           0x0000000000808e10        0x0 /home/diego/intelFPGA_lite/20.1/nios2eds/bin/gnu/H-x86_64-pc-linux-gnu/bin/../lib/gcc/nios2-elf/10.1.1/../../../../../H-x86_64-pc-linux-gnu/nios2-elf/lib/mno-hw-mul/libc.a(lib_a-strlen.o)
 .bss           0x0000000000808e10        0x0 /home/diego/intelFPGA_lite/20.1/nios2eds/bin/gnu/H-x86_64-pc-linux-gnu/bin/../lib/gcc/nios2-elf/10.1.1/../../../../../H-x86_64-pc-linux-gnu/nios2-elf/lib/mno-hw-mul/libc.a(lib_a-findfp.o)
 .bss           0x0000000000808e10        0x0 /home/diego/intelFPGA_lite/20.1/nios2eds/bin/gnu/H-x86_64-pc-linux-gnu/bin/../lib/gcc/nios2-elf/10.1.1/../../../../../H-x86_64-pc-linux-gnu/nios2-elf/lib/mno-hw-mul/libc.a(lib_a-fvwrite.o)
 .bss           0x0000000000808e10        0x0 /home/diego/intelFPGA_lite/20.1/nios2eds/bin/gnu/H-x86_64-pc-linux-gnu/bin/../lib/gcc/nios2-elf/10.1.1/../../../../../H-x86_64-pc-linux-gnu/nios2-elf/lib/mno-hw-mul/libc.a(lib_a-fwalk.o)
 .bss           0x0000000000808e10        0x0 /home/diego/intelFPGA_lite/20.1/nios2eds/bin/gnu/H-x86_64-pc-linux-gnu/bin/../lib/gcc/nios2-elf/10.1.1/../../../../../H-x86_64-pc-linux-gnu/nios2-elf/lib/mno-hw-mul/libc.a(lib_a-impure.o)
 .bss           0x0000000000808e10        0x0 /home/diego/intelFPGA_lite/20.1/nios2eds/bin/gnu/H-x86_64-pc-linux-gnu/bin/../lib/gcc/nios2-elf/10.1.1/../../../../../H-x86_64-pc-linux-gnu/nios2-elf/lib/mno-hw-mul/libc.a(lib_a-mallocr.o)
 .bss.__malloc_current_mallinfo
                0x0000000000808e10       0x28 /home/diego/intelFPGA_lite/20.1/nios2eds/bin/gnu/H-x86_64-pc-linux-gnu/bin/../lib/gcc/nios2-elf/10.1.1/../../../../../H-x86_64-pc-linux-gnu/nios2-elf/lib/mno-hw-mul/libc.a(lib_a-mallocr.o)
                0x0000000000808e10                __malloc_current_mallinfo
 .bss           0x0000000000808e38        0x0 /home/diego/intelFPGA_lite/20.1/nios2eds/bin/gnu/H-x86_64-pc-linux-gnu/bin/../lib/gcc/nios2-elf/10.1.1/../../../../../H-x86_64-pc-linux-gnu/nios2-elf/lib/mno-hw-mul/libc.a(lib_a-memchr.o)
 .bss           0x0000000000808e38        0x0 /home/diego/intelFPGA_lite/20.1/nios2eds/bin/gnu/H-x86_64-pc-linux-gnu/bin/../lib/gcc/nios2-elf/10.1.1/../../../../../H-x86_64-pc-linux-gnu/nios2-elf/lib/mno-hw-mul/libc.a(lib_a-memcpy.o)
 .bss           0x0000000000808e38        0x0 /home/diego/intelFPGA_lite/20.1/nios2eds/bin/gnu/H-x86_64-pc-linux-gnu/bin/../lib/gcc/nios2-elf/10.1.1/../../../../../H-x86_64-pc-linux-gnu/nios2-elf/lib/mno-hw-mul/libc.a(lib_a-memmove.o)
 .bss           0x0000000000808e38        0x0 /home/diego/intelFPGA_lite/20.1/nios2eds/bin/gnu/H-x86_64-pc-linux-gnu/bin/../lib/gcc/nios2-elf/10.1.1/../../../../../H-x86_64-pc-linux-gnu/nios2-elf/lib/mno-hw-mul/libc.a(lib_a-memset.o)
 .bss           0x0000000000808e38        0x0 /home/diego/intelFPGA_lite/20.1/nios2eds/bin/gnu/H-x86_64-pc-linux-gnu/bin/../lib/gcc/nios2-elf/10.1.1/../../../../../H-x86_64-pc-linux-gnu/nios2-elf/lib/mno-hw-mul/libc.a(lib_a-reallocr.o)
 .bss           0x0000000000808e38        0x0 /home/diego/intelFPGA_lite/20.1/nios2eds/bin/gnu/H-x86_64-pc-linux-gnu/bin/../lib/gcc/nios2-elf/10.1.1/../../../../../H-x86_64-pc-linux-gnu/nios2-elf/lib/mno-hw-mul/libc.a(lib_a-sbrkr.o)
 .bss           0x0000000000808e38        0x0 /home/diego/intelFPGA_lite/20.1/nios2eds/bin/gnu/H-x86_64-pc-linux-gnu/bin/../lib/gcc/nios2-elf/10.1.1/../../../../../H-x86_64-pc-linux-gnu/nios2-elf/lib/mno-hw-mul/libc.a(lib_a-stdio.o)
 .bss           0x0000000000808e38        0x0 /home/diego/intelFPGA_lite/20.1/nios2eds/bin/gnu/H-x86_64-pc-linux-gnu/bin/../lib/gcc/nios2-elf/10.1.1/../../../../../H-x86_64-pc-linux-gnu/nios2-elf/lib/mno-hw-mul/libc.a(lib_a-writer.o)
 .bss           0x0000000000808e38        0x0 /home/diego/intelFPGA_lite/20.1/nios2eds/bin/gnu/H-x86_64-pc-linux-gnu/bin/../lib/gcc/nios2-elf/10.1.1/../../../../../H-x86_64-pc-linux-gnu/nios2-elf/lib/mno-hw-mul/libc.a(lib_a-wsetup.o)
 .bss           0x0000000000808e38        0x0 /home/diego/intelFPGA_lite/20.1/nios2eds/bin/gnu/H-x86_64-pc-linux-gnu/bin/../lib/gcc/nios2-elf/10.1.1/../../../../../H-x86_64-pc-linux-gnu/nios2-elf/lib/mno-hw-mul/libc.a(closer.o)
 .bss           0x0000000000808e38        0x0 /home/diego/intelFPGA_lite/20.1/nios2eds/bin/gnu/H-x86_64-pc-linux-gnu/bin/../lib/gcc/nios2-elf/10.1.1/../../../../../H-x86_64-pc-linux-gnu/nios2-elf/lib/mno-hw-mul/libc.a(lib_a-fclose.o)
 .bss           0x0000000000808e38        0x0 /home/diego/intelFPGA_lite/20.1/nios2eds/bin/gnu/H-x86_64-pc-linux-gnu/bin/../lib/gcc/nios2-elf/10.1.1/../../../../../H-x86_64-pc-linux-gnu/nios2-elf/lib/mno-hw-mul/libc.a(lib_a-fflush.o)
 .bss           0x0000000000808e38        0x0 /home/diego/intelFPGA_lite/20.1/nios2eds/bin/gnu/H-x86_64-pc-linux-gnu/bin/../lib/gcc/nios2-elf/10.1.1/../../../../../H-x86_64-pc-linux-gnu/nios2-elf/lib/mno-hw-mul/libc.a(lib_a-freer.o)
 .bss           0x0000000000808e38        0x0 /home/diego/intelFPGA_lite/20.1/nios2eds/bin/gnu/H-x86_64-pc-linux-gnu/bin/../lib/gcc/nios2-elf/10.1.1/../../../../../H-x86_64-pc-linux-gnu/nios2-elf/lib/mno-hw-mul/libc.a(lib_a-int_errno.o)
 .bss           0x0000000000808e38        0x0 /home/diego/intelFPGA_lite/20.1/nios2eds/bin/gnu/H-x86_64-pc-linux-gnu/bin/../lib/gcc/nios2-elf/10.1.1/../../../../../H-x86_64-pc-linux-gnu/nios2-elf/lib/mno-hw-mul/libc.a(lib_a-lseekr.o)
 .bss           0x0000000000808e38        0x0 /home/diego/intelFPGA_lite/20.1/nios2eds/bin/gnu/H-x86_64-pc-linux-gnu/bin/../lib/gcc/nios2-elf/10.1.1/../../../../../H-x86_64-pc-linux-gnu/nios2-elf/lib/mno-hw-mul/libc.a(lib_a-makebuf.o)
 .bss           0x0000000000808e38        0x0 /home/diego/intelFPGA_lite/20.1/nios2eds/bin/gnu/H-x86_64-pc-linux-gnu/bin/../lib/gcc/nios2-elf/10.1.1/../../../../../H-x86_64-pc-linux-gnu/nios2-elf/lib/mno-hw-mul/libc.a(lib_a-readr.o)
 .bss           0x0000000000808e38        0x0 /home/diego/intelFPGA_lite/20.1/nios2eds/bin/gnu/H-x86_64-pc-linux-gnu/bin/../lib/gcc/nios2-elf/10.1.1/../../../../../H-x86_64-pc-linux-gnu/nios2-elf/lib/mno-hw-mul/libc.a(lib_a-fstatr.o)
 .bss           0x0000000000808e38        0x0 /home/diego/intelFPGA_lite/20.1/nios2eds/bin/gnu/H-x86_64-pc-linux-gnu/bin/../lib/gcc/nios2-elf/10.1.1/../../../../../H-x86_64-pc-linux-gnu/nios2-elf/lib/mno-hw-mul/libc.a(lib_a-isattyr.o)
 .bss           0x0000000000808e38        0x0 /home/diego/intelFPGA_lite/20.1/nios2eds/bin/gnu/H-x86_64-pc-linux-gnu/bin/../lib/gcc/nios2-elf/10.1.1/mno-hw-mul/libgcc.a(lib2-divmod.o)
 .bss           0x0000000000808e38        0x0 /home/diego/intelFPGA_lite/20.1/nios2eds/bin/gnu/H-x86_64-pc-linux-gnu/bin/../lib/gcc/nios2-elf/10.1.1/mno-hw-mul/libgcc.a(lib2-mul.o)
 .bss           0x0000000000808e38        0x0 /home/diego/documents/pathfinder/software/pathfinder_no_accel_bsp//libhal_bsp.a(alt_close.o)
 .bss           0x0000000000808e38        0x0 /home/diego/documents/pathfinder/software/pathfinder_no_accel_bsp//libhal_bsp.a(alt_dev.o)
 .bss           0x0000000000808e38        0x0 /home/diego/documents/pathfinder/software/pathfinder_no_accel_bsp//libhal_bsp.a(alt_errno.o)
 .bss           0x0000000000808e38        0x0 /home/diego/documents/pathfinder/software/pathfinder_no_accel_bsp//libhal_bsp.a(alt_fstat.o)
 .bss           0x0000000000808e38        0x0 /home/diego/documents/pathfinder/software/pathfinder_no_accel_bsp//libhal_bsp.a(alt_isatty.o)
 .bss           0x0000000000808e38        0x0 /home/diego/documents/pathfinder/software/pathfinder_no_accel_bsp//libhal_bsp.a(alt_load.o)
 .bss           0x0000000000808e38        0x0 /home/diego/documents/pathfinder/software/pathfinder_no_accel_bsp//libhal_bsp.a(alt_lseek.o)
 .bss           0x0000000000808e38        0x0 /home/diego/documents/pathfinder/software/pathfinder_no_accel_bsp//libhal_bsp.a(alt_main.o)
 .bss           0x0000000000808e38        0x0 /home/diego/documents/pathfinder/software/pathfinder_no_accel_bsp//libhal_bsp.a(alt_malloc_lock.o)
 .bss           0x0000000000808e38        0x0 /home/diego/documents/pathfinder/software/pathfinder_no_accel_bsp//libhal_bsp.a(alt_read.o)
 .bss           0x0000000000808e38        0x0 /home/diego/documents/pathfinder/software/pathfinder_no_accel_bsp//libhal_bsp.a(alt_release_fd.o)
 .bss           0x0000000000808e38        0x0 /home/diego/documents/pathfinder/software/pathfinder_no_accel_bsp//libhal_bsp.a(alt_sbrk.o)
 .bss           0x0000000000808e38        0x0 /home/diego/documents/pathfinder/software/pathfinder_no_accel_bsp//libhal_bsp.a(alt_write.o)
 .bss           0x0000000000808e38        0x0 /home/diego/documents/pathfinder/software/pathfinder_no_accel_bsp//libhal_bsp.a(alt_sys_init.o)
 .bss           0x0000000000808e38        0x0 /home/diego/documents/pathfinder/software/pathfinder_no_accel_bsp//libhal_bsp.a(altera_avalon_jtag_uart_fd.o)
 .bss           0x0000000000808e38        0x0 /home/diego/documents/pathfinder/software/pathfinder_no_accel_bsp//libhal_bsp.a(altera_avalon_jtag_uart_init.o)
 .bss           0x0000000000808e38        0x0 /home/diego/documents/pathfinder/software/pathfinder_no_accel_bsp//libhal_bsp.a(altera_avalon_jtag_uart_ioctl.o)
 .bss           0x0000000000808e38        0x0 /home/diego/documents/pathfinder/software/pathfinder_no_accel_bsp//libhal_bsp.a(altera_avalon_jtag_uart_read.o)
 .bss           0x0000000000808e38        0x0 /home/diego/documents/pathfinder/software/pathfinder_no_accel_bsp//libhal_bsp.a(altera_avalon_jtag_uart_write.o)
 .bss           0x0000000000808e38        0x0 /home/diego/documents/pathfinder/software/pathfinder_no_accel_bsp//libhal_bsp.a(altera_avalon_timer_sc.o)
 .bss           0x0000000000808e38        0x0 /home/diego/documents/pathfinder/software/pathfinder_no_accel_bsp//libhal_bsp.a(alt_alarm_start.o)
 .bss           0x0000000000808e38        0x0 /home/diego/documents/pathfinder/software/pathfinder_no_accel_bsp//libhal_bsp.a(alt_dcache_flush_all.o)
 .bss           0x0000000000808e38        0x0 /home/diego/documents/pathfinder/software/pathfinder_no_accel_bsp//libhal_bsp.a(alt_dev_llist_insert.o)
 .bss           0x0000000000808e38        0x0 /home/diego/documents/pathfinder/software/pathfinder_no_accel_bsp//libhal_bsp.a(alt_do_ctors.o)
 .bss           0x0000000000808e38        0x0 /home/diego/documents/pathfinder/software/pathfinder_no_accel_bsp//libhal_bsp.a(alt_do_dtors.o)
 .bss           0x0000000000808e38        0x0 /home/diego/documents/pathfinder/software/pathfinder_no_accel_bsp//libhal_bsp.a(alt_icache_flush_all.o)
 .bss           0x0000000000808e38        0x0 /home/diego/documents/pathfinder/software/pathfinder_no_accel_bsp//libhal_bsp.a(alt_iic.o)
 .bss           0x0000000000808e38        0x0 /home/diego/documents/pathfinder/software/pathfinder_no_accel_bsp//libhal_bsp.a(alt_iic_isr_register.o)
 .bss           0x0000000000808e38        0x0 /home/diego/documents/pathfinder/software/pathfinder_no_accel_bsp//libhal_bsp.a(alt_io_redirect.o)
 .bss           0x0000000000808e38        0x0 /home/diego/documents/pathfinder/software/pathfinder_no_accel_bsp//libhal_bsp.a(alt_irq_entry.o)
 .bss           0x0000000000808e38      0x100 /home/diego/documents/pathfinder/software/pathfinder_no_accel_bsp//libhal_bsp.a(alt_irq_handler.o)
                0x0000000000808e38                alt_irq
 .bss           0x0000000000808f38        0x0 /home/diego/documents/pathfinder/software/pathfinder_no_accel_bsp//libhal_bsp.a(alt_irq_vars.o)
 .bss           0x0000000000808f38        0x0 /home/diego/documents/pathfinder/software/pathfinder_no_accel_bsp//libhal_bsp.a(alt_open.o)
 .bss           0x0000000000808f38        0x0 /home/diego/documents/pathfinder/software/pathfinder_no_accel_bsp//libhal_bsp.a(alt_tick.o)
 .bss           0x0000000000808f38        0x0 /home/diego/documents/pathfinder/software/pathfinder_no_accel_bsp//libhal_bsp.a(altera_nios2_gen2_irq.o)
 .bss           0x0000000000808f38        0x0 /home/diego/documents/pathfinder/software/pathfinder_no_accel_bsp//libhal_bsp.a(alt_exception_entry.o)
 .bss           0x0000000000808f38        0x0 /home/diego/documents/pathfinder/software/pathfinder_no_accel_bsp//libhal_bsp.a(alt_find_dev.o)
 .bss           0x0000000000808f38        0x0 /home/diego/documents/pathfinder/software/pathfinder_no_accel_bsp//libhal_bsp.a(alt_find_file.o)
 .bss           0x0000000000808f38        0x0 /home/diego/documents/pathfinder/software/pathfinder_no_accel_bsp//libhal_bsp.a(alt_get_fd.o)
 .bss           0x0000000000808f38        0x0 /home/diego/documents/pathfinder/software/pathfinder_no_accel_bsp//libhal_bsp.a(alt_icache_flush.o)
 .bss           0x0000000000808f38        0x0 /home/diego/documents/pathfinder/software/pathfinder_no_accel_bsp//libhal_bsp.a(alt_instruction_exception_entry.o)
 .bss           0x0000000000808f38        0x0 /home/diego/intelFPGA_lite/20.1/nios2eds/bin/gnu/H-x86_64-pc-linux-gnu/bin/../lib/gcc/nios2-elf/10.1.1/../../../../../H-x86_64-pc-linux-gnu/nios2-elf/lib/mno-hw-mul/libc.a(lib_a-atexit.o)
 .bss           0x0000000000808f38        0x0 /home/diego/intelFPGA_lite/20.1/nios2eds/bin/gnu/H-x86_64-pc-linux-gnu/bin/../lib/gcc/nios2-elf/10.1.1/../../../../../H-x86_64-pc-linux-gnu/nios2-elf/lib/mno-hw-mul/libc.a(lib_a-exit.o)
 .bss           0x0000000000808f38        0x0 /home/diego/intelFPGA_lite/20.1/nios2eds/bin/gnu/H-x86_64-pc-linux-gnu/bin/../lib/gcc/nios2-elf/10.1.1/../../../../../H-x86_64-pc-linux-gnu/nios2-elf/lib/mno-hw-mul/libc.a(lib_a-memcmp.o)
 .bss           0x0000000000808f38        0x0 /home/diego/intelFPGA_lite/20.1/nios2eds/bin/gnu/H-x86_64-pc-linux-gnu/bin/../lib/gcc/nios2-elf/10.1.1/../../../../../H-x86_64-pc-linux-gnu/nios2-elf/lib/mno-hw-mul/libc.a(lib_a-__atexit.o)
 .bss           0x0000000000808f38        0x0 /home/diego/intelFPGA_lite/20.1/nios2eds/bin/gnu/H-x86_64-pc-linux-gnu/bin/../lib/gcc/nios2-elf/10.1.1/../../../../../H-x86_64-pc-linux-gnu/nios2-elf/lib/mno-hw-mul/libc.a(lib_a-__call_atexit.o)
 .bss           0x0000000000808f38        0x0 /home/diego/documents/pathfinder/software/pathfinder_no_accel_bsp//libhal_bsp.a(alt_exit.o)
 *(COMMON)
                0x0000000000808f38                . = ALIGN (0x4)
                0x0000000000808f38                __bss_end = ABSOLUTE (.)

.sdram          0x0000000000808f38        0x0
                [!provide]                        PROVIDE (_alt_partition_sdram_start = ABSOLUTE (.))
 *(.sdram .sdram. sdram.*)
                0x0000000000808f38                . = ALIGN (0x4)
                [!provide]                        PROVIDE (_alt_partition_sdram_end = ABSOLUTE (.))
                0x0000000000808f38                _end = ABSOLUTE (.)
                0x0000000000808f38                end = ABSOLUTE (.)
                0x0000000000808f38                __alt_stack_base = ABSOLUTE (.)
                [!provide]                        PROVIDE (_alt_partition_sdram_load_addr = LOADADDR (.sdram))

.stab
 *(.stab)

.stabstr
 *(.stabstr)

.stab.excl
 *(.stab.excl)

.stab.exclstr
 *(.stab.exclstr)

.stab.index
 *(.stab.index)

.stab.indexstr
 *(.stab.indexstr)

.comment        0x0000000000000000       0x2d
 *(.comment)
 .comment       0x0000000000000000       0x2d obj/default/hello_world.o
                                         0x2e (size before relaxing)
 .comment       0x000000000000002d       0x2e /home/diego/intelFPGA_lite/20.1/nios2eds/bin/gnu/H-x86_64-pc-linux-gnu/bin/../lib/gcc/nios2-elf/10.1.1/../../../../../H-x86_64-pc-linux-gnu/nios2-elf/lib/mno-hw-mul/libc.a(lib_a-puts.o)
 .comment       0x000000000000002d       0x2e /home/diego/intelFPGA_lite/20.1/nios2eds/bin/gnu/H-x86_64-pc-linux-gnu/bin/../lib/gcc/nios2-elf/10.1.1/../../../../../H-x86_64-pc-linux-gnu/nios2-elf/lib/mno-hw-mul/libc.a(lib_a-strlen.o)
 .comment       0x000000000000002d       0x2e /home/diego/intelFPGA_lite/20.1/nios2eds/bin/gnu/H-x86_64-pc-linux-gnu/bin/../lib/gcc/nios2-elf/10.1.1/../../../../../H-x86_64-pc-linux-gnu/nios2-elf/lib/mno-hw-mul/libc.a(lib_a-findfp.o)
 .comment       0x000000000000002d       0x2e /home/diego/intelFPGA_lite/20.1/nios2eds/bin/gnu/H-x86_64-pc-linux-gnu/bin/../lib/gcc/nios2-elf/10.1.1/../../../../../H-x86_64-pc-linux-gnu/nios2-elf/lib/mno-hw-mul/libc.a(lib_a-fvwrite.o)
 .comment       0x000000000000002d       0x2e /home/diego/intelFPGA_lite/20.1/nios2eds/bin/gnu/H-x86_64-pc-linux-gnu/bin/../lib/gcc/nios2-elf/10.1.1/../../../../../H-x86_64-pc-linux-gnu/nios2-elf/lib/mno-hw-mul/libc.a(lib_a-fwalk.o)
 .comment       0x000000000000002d       0x2e /home/diego/intelFPGA_lite/20.1/nios2eds/bin/gnu/H-x86_64-pc-linux-gnu/bin/../lib/gcc/nios2-elf/10.1.1/../../../../../H-x86_64-pc-linux-gnu/nios2-elf/lib/mno-hw-mul/libc.a(lib_a-impure.o)
 .comment       0x000000000000002d       0x2e /home/diego/intelFPGA_lite/20.1/nios2eds/bin/gnu/H-x86_64-pc-linux-gnu/bin/../lib/gcc/nios2-elf/10.1.1/../../../../../H-x86_64-pc-linux-gnu/nios2-elf/lib/mno-hw-mul/libc.a(lib_a-mallocr.o)
 .comment       0x000000000000002d       0x2e /home/diego/intelFPGA_lite/20.1/nios2eds/bin/gnu/H-x86_64-pc-linux-gnu/bin/../lib/gcc/nios2-elf/10.1.1/../../../../../H-x86_64-pc-linux-gnu/nios2-elf/lib/mno-hw-mul/libc.a(lib_a-memchr.o)
 .comment       0x000000000000002d       0x2e /home/diego/intelFPGA_lite/20.1/nios2eds/bin/gnu/H-x86_64-pc-linux-gnu/bin/../lib/gcc/nios2-elf/10.1.1/../../../../../H-x86_64-pc-linux-gnu/nios2-elf/lib/mno-hw-mul/libc.a(lib_a-memcpy.o)
 .comment       0x000000000000002d       0x2e /home/diego/intelFPGA_lite/20.1/nios2eds/bin/gnu/H-x86_64-pc-linux-gnu/bin/../lib/gcc/nios2-elf/10.1.1/../../../../../H-x86_64-pc-linux-gnu/nios2-elf/lib/mno-hw-mul/libc.a(lib_a-memmove.o)
 .comment       0x000000000000002d       0x2e /home/diego/intelFPGA_lite/20.1/nios2eds/bin/gnu/H-x86_64-pc-linux-gnu/bin/../lib/gcc/nios2-elf/10.1.1/../../../../../H-x86_64-pc-linux-gnu/nios2-elf/lib/mno-hw-mul/libc.a(lib_a-memset.o)
 .comment       0x000000000000002d       0x2e /home/diego/intelFPGA_lite/20.1/nios2eds/bin/gnu/H-x86_64-pc-linux-gnu/bin/../lib/gcc/nios2-elf/10.1.1/../../../../../H-x86_64-pc-linux-gnu/nios2-elf/lib/mno-hw-mul/libc.a(lib_a-reallocr.o)
 .comment       0x000000000000002d       0x2e /home/diego/intelFPGA_lite/20.1/nios2eds/bin/gnu/H-x86_64-pc-linux-gnu/bin/../lib/gcc/nios2-elf/10.1.1/../../../../../H-x86_64-pc-linux-gnu/nios2-elf/lib/mno-hw-mul/libc.a(lib_a-sbrkr.o)
 .comment       0x000000000000002d       0x2e /home/diego/intelFPGA_lite/20.1/nios2eds/bin/gnu/H-x86_64-pc-linux-gnu/bin/../lib/gcc/nios2-elf/10.1.1/../../../../../H-x86_64-pc-linux-gnu/nios2-elf/lib/mno-hw-mul/libc.a(lib_a-stdio.o)
 .comment       0x000000000000002d       0x2e /home/diego/intelFPGA_lite/20.1/nios2eds/bin/gnu/H-x86_64-pc-linux-gnu/bin/../lib/gcc/nios2-elf/10.1.1/../../../../../H-x86_64-pc-linux-gnu/nios2-elf/lib/mno-hw-mul/libc.a(lib_a-writer.o)
 .comment       0x000000000000002d       0x2e /home/diego/intelFPGA_lite/20.1/nios2eds/bin/gnu/H-x86_64-pc-linux-gnu/bin/../lib/gcc/nios2-elf/10.1.1/../../../../../H-x86_64-pc-linux-gnu/nios2-elf/lib/mno-hw-mul/libc.a(lib_a-wsetup.o)
 .comment       0x000000000000002d       0x2e /home/diego/intelFPGA_lite/20.1/nios2eds/bin/gnu/H-x86_64-pc-linux-gnu/bin/../lib/gcc/nios2-elf/10.1.1/../../../../../H-x86_64-pc-linux-gnu/nios2-elf/lib/mno-hw-mul/libc.a(closer.o)
 .comment       0x000000000000002d       0x2e /home/diego/intelFPGA_lite/20.1/nios2eds/bin/gnu/H-x86_64-pc-linux-gnu/bin/../lib/gcc/nios2-elf/10.1.1/../../../../../H-x86_64-pc-linux-gnu/nios2-elf/lib/mno-hw-mul/libc.a(lib_a-fclose.o)
 .comment       0x000000000000002d       0x2e /home/diego/intelFPGA_lite/20.1/nios2eds/bin/gnu/H-x86_64-pc-linux-gnu/bin/../lib/gcc/nios2-elf/10.1.1/../../../../../H-x86_64-pc-linux-gnu/nios2-elf/lib/mno-hw-mul/libc.a(lib_a-fflush.o)
 .comment       0x000000000000002d       0x2e /home/diego/intelFPGA_lite/20.1/nios2eds/bin/gnu/H-x86_64-pc-linux-gnu/bin/../lib/gcc/nios2-elf/10.1.1/../../../../../H-x86_64-pc-linux-gnu/nios2-elf/lib/mno-hw-mul/libc.a(lib_a-freer.o)
 .comment       0x000000000000002d       0x2e /home/diego/intelFPGA_lite/20.1/nios2eds/bin/gnu/H-x86_64-pc-linux-gnu/bin/../lib/gcc/nios2-elf/10.1.1/../../../../../H-x86_64-pc-linux-gnu/nios2-elf/lib/mno-hw-mul/libc.a(lib_a-int_errno.o)
 .comment       0x000000000000002d       0x2e /home/diego/intelFPGA_lite/20.1/nios2eds/bin/gnu/H-x86_64-pc-linux-gnu/bin/../lib/gcc/nios2-elf/10.1.1/../../../../../H-x86_64-pc-linux-gnu/nios2-elf/lib/mno-hw-mul/libc.a(lib_a-lseekr.o)
 .comment       0x000000000000002d       0x2e /home/diego/intelFPGA_lite/20.1/nios2eds/bin/gnu/H-x86_64-pc-linux-gnu/bin/../lib/gcc/nios2-elf/10.1.1/../../../../../H-x86_64-pc-linux-gnu/nios2-elf/lib/mno-hw-mul/libc.a(lib_a-makebuf.o)
 .comment       0x000000000000002d       0x2e /home/diego/intelFPGA_lite/20.1/nios2eds/bin/gnu/H-x86_64-pc-linux-gnu/bin/../lib/gcc/nios2-elf/10.1.1/../../../../../H-x86_64-pc-linux-gnu/nios2-elf/lib/mno-hw-mul/libc.a(lib_a-readr.o)
 .comment       0x000000000000002d       0x2e /home/diego/intelFPGA_lite/20.1/nios2eds/bin/gnu/H-x86_64-pc-linux-gnu/bin/../lib/gcc/nios2-elf/10.1.1/../../../../../H-x86_64-pc-linux-gnu/nios2-elf/lib/mno-hw-mul/libc.a(lib_a-fstatr.o)
 .comment       0x000000000000002d       0x2e /home/diego/intelFPGA_lite/20.1/nios2eds/bin/gnu/H-x86_64-pc-linux-gnu/bin/../lib/gcc/nios2-elf/10.1.1/../../../../../H-x86_64-pc-linux-gnu/nios2-elf/lib/mno-hw-mul/libc.a(lib_a-isattyr.o)
 .comment       0x000000000000002d       0x2e /home/diego/intelFPGA_lite/20.1/nios2eds/bin/gnu/H-x86_64-pc-linux-gnu/bin/../lib/gcc/nios2-elf/10.1.1/mno-hw-mul/libgcc.a(lib2-divmod.o)
 .comment       0x000000000000002d       0x2e /home/diego/intelFPGA_lite/20.1/nios2eds/bin/gnu/H-x86_64-pc-linux-gnu/bin/../lib/gcc/nios2-elf/10.1.1/mno-hw-mul/libgcc.a(lib2-mul.o)
 .comment       0x000000000000002d       0x2e /home/diego/documents/pathfinder/software/pathfinder_no_accel_bsp//libhal_bsp.a(alt_close.o)
 .comment       0x000000000000002d       0x2e /home/diego/documents/pathfinder/software/pathfinder_no_accel_bsp//libhal_bsp.a(alt_dev.o)
 .comment       0x000000000000002d       0x2e /home/diego/documents/pathfinder/software/pathfinder_no_accel_bsp//libhal_bsp.a(alt_errno.o)
 .comment       0x000000000000002d       0x2e /home/diego/documents/pathfinder/software/pathfinder_no_accel_bsp//libhal_bsp.a(alt_fstat.o)
 .comment       0x000000000000002d       0x2e /home/diego/documents/pathfinder/software/pathfinder_no_accel_bsp//libhal_bsp.a(alt_isatty.o)
 .comment       0x000000000000002d       0x2e /home/diego/documents/pathfinder/software/pathfinder_no_accel_bsp//libhal_bsp.a(alt_load.o)
 .comment       0x000000000000002d       0x2e /home/diego/documents/pathfinder/software/pathfinder_no_accel_bsp//libhal_bsp.a(alt_lseek.o)
 .comment       0x000000000000002d       0x2e /home/diego/documents/pathfinder/software/pathfinder_no_accel_bsp//libhal_bsp.a(alt_main.o)
 .comment       0x000000000000002d       0x2e /home/diego/documents/pathfinder/software/pathfinder_no_accel_bsp//libhal_bsp.a(alt_malloc_lock.o)
 .comment       0x000000000000002d       0x2e /home/diego/documents/pathfinder/software/pathfinder_no_accel_bsp//libhal_bsp.a(alt_read.o)
 .comment       0x000000000000002d       0x2e /home/diego/documents/pathfinder/software/pathfinder_no_accel_bsp//libhal_bsp.a(alt_release_fd.o)
 .comment       0x000000000000002d       0x2e /home/diego/documents/pathfinder/software/pathfinder_no_accel_bsp//libhal_bsp.a(alt_sbrk.o)
 .comment       0x000000000000002d       0x2e /home/diego/documents/pathfinder/software/pathfinder_no_accel_bsp//libhal_bsp.a(alt_write.o)
 .comment       0x000000000000002d       0x2e /home/diego/documents/pathfinder/software/pathfinder_no_accel_bsp//libhal_bsp.a(alt_sys_init.o)
 .comment       0x000000000000002d       0x2e /home/diego/documents/pathfinder/software/pathfinder_no_accel_bsp//libhal_bsp.a(altera_avalon_jtag_uart_fd.o)
 .comment       0x000000000000002d       0x2e /home/diego/documents/pathfinder/software/pathfinder_no_accel_bsp//libhal_bsp.a(altera_avalon_jtag_uart_init.o)
 .comment       0x000000000000002d       0x2e /home/diego/documents/pathfinder/software/pathfinder_no_accel_bsp//libhal_bsp.a(altera_avalon_jtag_uart_ioctl.o)
 .comment       0x000000000000002d       0x2e /home/diego/documents/pathfinder/software/pathfinder_no_accel_bsp//libhal_bsp.a(altera_avalon_jtag_uart_read.o)
 .comment       0x000000000000002d       0x2e /home/diego/documents/pathfinder/software/pathfinder_no_accel_bsp//libhal_bsp.a(altera_avalon_jtag_uart_write.o)
 .comment       0x000000000000002d       0x2e /home/diego/documents/pathfinder/software/pathfinder_no_accel_bsp//libhal_bsp.a(altera_avalon_timer_sc.o)
 .comment       0x000000000000002d       0x2e /home/diego/documents/pathfinder/software/pathfinder_no_accel_bsp//libhal_bsp.a(alt_alarm_start.o)
 .comment       0x000000000000002d       0x2e /home/diego/documents/pathfinder/software/pathfinder_no_accel_bsp//libhal_bsp.a(alt_dcache_flush_all.o)
 .comment       0x000000000000002d       0x2e /home/diego/documents/pathfinder/software/pathfinder_no_accel_bsp//libhal_bsp.a(alt_dev_llist_insert.o)
 .comment       0x000000000000002d       0x2e /home/diego/documents/pathfinder/software/pathfinder_no_accel_bsp//libhal_bsp.a(alt_do_ctors.o)
 .comment       0x000000000000002d       0x2e /home/diego/documents/pathfinder/software/pathfinder_no_accel_bsp//libhal_bsp.a(alt_do_dtors.o)
 .comment       0x000000000000002d       0x2e /home/diego/documents/pathfinder/software/pathfinder_no_accel_bsp//libhal_bsp.a(alt_icache_flush_all.o)
 .comment       0x000000000000002d       0x2e /home/diego/documents/pathfinder/software/pathfinder_no_accel_bsp//libhal_bsp.a(alt_iic.o)
 .comment       0x000000000000002d       0x2e /home/diego/documents/pathfinder/software/pathfinder_no_accel_bsp//libhal_bsp.a(alt_iic_isr_register.o)
 .comment       0x000000000000002d       0x2e /home/diego/documents/pathfinder/software/pathfinder_no_accel_bsp//libhal_bsp.a(alt_io_redirect.o)
 .comment       0x000000000000002d       0x2e /home/diego/documents/pathfinder/software/pathfinder_no_accel_bsp//libhal_bsp.a(alt_irq_handler.o)
 .comment       0x000000000000002d       0x2e /home/diego/documents/pathfinder/software/pathfinder_no_accel_bsp//libhal_bsp.a(alt_irq_vars.o)
 .comment       0x000000000000002d       0x2e /home/diego/documents/pathfinder/software/pathfinder_no_accel_bsp//libhal_bsp.a(alt_open.o)
 .comment       0x000000000000002d       0x2e /home/diego/documents/pathfinder/software/pathfinder_no_accel_bsp//libhal_bsp.a(alt_tick.o)
 .comment       0x000000000000002d       0x2e /home/diego/documents/pathfinder/software/pathfinder_no_accel_bsp//libhal_bsp.a(altera_nios2_gen2_irq.o)
 .comment       0x000000000000002d       0x2e /home/diego/documents/pathfinder/software/pathfinder_no_accel_bsp//libhal_bsp.a(alt_find_dev.o)
 .comment       0x000000000000002d       0x2e /home/diego/documents/pathfinder/software/pathfinder_no_accel_bsp//libhal_bsp.a(alt_find_file.o)
 .comment       0x000000000000002d       0x2e /home/diego/documents/pathfinder/software/pathfinder_no_accel_bsp//libhal_bsp.a(alt_get_fd.o)
 .comment       0x000000000000002d       0x2e /home/diego/documents/pathfinder/software/pathfinder_no_accel_bsp//libhal_bsp.a(alt_icache_flush.o)
 .comment       0x000000000000002d       0x2e /home/diego/documents/pathfinder/software/pathfinder_no_accel_bsp//libhal_bsp.a(alt_instruction_exception_entry.o)
 .comment       0x000000000000002d       0x2e /home/diego/intelFPGA_lite/20.1/nios2eds/bin/gnu/H-x86_64-pc-linux-gnu/bin/../lib/gcc/nios2-elf/10.1.1/../../../../../H-x86_64-pc-linux-gnu/nios2-elf/lib/mno-hw-mul/libc.a(lib_a-atexit.o)
 .comment       0x000000000000002d       0x2e /home/diego/intelFPGA_lite/20.1/nios2eds/bin/gnu/H-x86_64-pc-linux-gnu/bin/../lib/gcc/nios2-elf/10.1.1/../../../../../H-x86_64-pc-linux-gnu/nios2-elf/lib/mno-hw-mul/libc.a(lib_a-exit.o)
 .comment       0x000000000000002d       0x2e /home/diego/intelFPGA_lite/20.1/nios2eds/bin/gnu/H-x86_64-pc-linux-gnu/bin/../lib/gcc/nios2-elf/10.1.1/../../../../../H-x86_64-pc-linux-gnu/nios2-elf/lib/mno-hw-mul/libc.a(lib_a-memcmp.o)
 .comment       0x000000000000002d       0x2e /home/diego/intelFPGA_lite/20.1/nios2eds/bin/gnu/H-x86_64-pc-linux-gnu/bin/../lib/gcc/nios2-elf/10.1.1/../../../../../H-x86_64-pc-linux-gnu/nios2-elf/lib/mno-hw-mul/libc.a(lib_a-__atexit.o)
 .comment       0x000000000000002d       0x2e /home/diego/intelFPGA_lite/20.1/nios2eds/bin/gnu/H-x86_64-pc-linux-gnu/bin/../lib/gcc/nios2-elf/10.1.1/../../../../../H-x86_64-pc-linux-gnu/nios2-elf/lib/mno-hw-mul/libc.a(lib_a-__call_atexit.o)
 .comment       0x000000000000002d       0x2e /home/diego/documents/pathfinder/software/pathfinder_no_accel_bsp//libhal_bsp.a(alt_exit.o)

.debug
 *(.debug)

.line
 *(.line)

.debug_srcinfo
 *(.debug_srcinfo)

.debug_sfnames
 *(.debug_sfnames)

.debug_aranges  0x0000000000000000      0xa60
 *(.debug_aranges)
 .debug_aranges
                0x0000000000000000       0x28 /home/diego/documents/pathfinder/software/pathfinder_no_accel_bsp//obj/HAL/src/crt0.o
 .debug_aranges
                0x0000000000000028       0x20 obj/default/hello_world.o
 .debug_aranges
                0x0000000000000048       0x28 /home/diego/intelFPGA_lite/20.1/nios2eds/bin/gnu/H-x86_64-pc-linux-gnu/bin/../lib/gcc/nios2-elf/10.1.1/../../../../../H-x86_64-pc-linux-gnu/nios2-elf/lib/mno-hw-mul/libc.a(lib_a-puts.o)
 .debug_aranges
                0x0000000000000070       0x20 /home/diego/intelFPGA_lite/20.1/nios2eds/bin/gnu/H-x86_64-pc-linux-gnu/bin/../lib/gcc/nios2-elf/10.1.1/../../../../../H-x86_64-pc-linux-gnu/nios2-elf/lib/mno-hw-mul/libc.a(lib_a-strlen.o)
 .debug_aranges
                0x0000000000000090       0x68 /home/diego/intelFPGA_lite/20.1/nios2eds/bin/gnu/H-x86_64-pc-linux-gnu/bin/../lib/gcc/nios2-elf/10.1.1/../../../../../H-x86_64-pc-linux-gnu/nios2-elf/lib/mno-hw-mul/libc.a(lib_a-findfp.o)
 .debug_aranges